Archive member included to satisfy reference by file (symbol)

c:/program files (x86)/gnu tools arm embedded/5.4 2016q3/bin/../lib/gcc/arm-none-eabi/5.4.1/armv7e-m/softfp\libgcc.a(_arm_addsubdf3.o)
                              .\CortexM4\ARM_GCC_Generic\Debug\cy_sysclk.o (__aeabi_f2d)
c:/program files (x86)/gnu tools arm embedded/5.4 2016q3/bin/../lib/gcc/arm-none-eabi/5.4.1/armv7e-m/softfp\libgcc.a(_arm_muldivdf3.o)
                              .\CortexM4\ARM_GCC_Generic\Debug\cy_sysclk.o (__aeabi_ddiv)
c:/program files (x86)/gnu tools arm embedded/5.4 2016q3/bin/../lib/gcc/arm-none-eabi/5.4.1/armv7e-m/softfp\libgcc.a(_arm_fixunsdfsi.o)
                              .\CortexM4\ARM_GCC_Generic\Debug\cy_sysclk.o (__aeabi_d2uiz)
c:/program files (x86)/gnu tools arm embedded/5.4 2016q3/bin/../lib/gcc/arm-none-eabi/5.4.1/armv7e-m/softfp\libgcc.a(_aeabi_uldivmod.o)
                              .\CortexM4\ARM_GCC_Generic\Debug\cy_sysclk.o (__aeabi_uldivmod)
c:/program files (x86)/gnu tools arm embedded/5.4 2016q3/bin/../lib/gcc/arm-none-eabi/5.4.1/armv7e-m/softfp\libgcc.a(_udivmoddi4.o)
                              c:/program files (x86)/gnu tools arm embedded/5.4 2016q3/bin/../lib/gcc/arm-none-eabi/5.4.1/armv7e-m/softfp\libgcc.a(_aeabi_uldivmod.o) (__udivmoddi4)
c:/program files (x86)/gnu tools arm embedded/5.4 2016q3/bin/../lib/gcc/arm-none-eabi/5.4.1/armv7e-m/softfp\libgcc.a(_dvmd_tls.o)
                              c:/program files (x86)/gnu tools arm embedded/5.4 2016q3/bin/../lib/gcc/arm-none-eabi/5.4.1/armv7e-m/softfp\libgcc.a(_aeabi_uldivmod.o) (__aeabi_ldiv0)
c:/program files (x86)/gnu tools arm embedded/5.4 2016q3/bin/../lib/gcc/arm-none-eabi/5.4.1/../../../../arm-none-eabi/lib/armv7e-m/softfp\libg_nano.a(lib_a-exit.o)
                              c:/program files (x86)/gnu tools arm embedded/5.4 2016q3/bin/../lib/gcc/arm-none-eabi/5.4.1/../../../../arm-none-eabi/lib/armv7e-m/softfp/crt0.o (exit)
c:/program files (x86)/gnu tools arm embedded/5.4 2016q3/bin/../lib/gcc/arm-none-eabi/5.4.1/../../../../arm-none-eabi/lib/armv7e-m/softfp\libg_nano.a(lib_a-impure.o)
                              c:/program files (x86)/gnu tools arm embedded/5.4 2016q3/bin/../lib/gcc/arm-none-eabi/5.4.1/../../../../arm-none-eabi/lib/armv7e-m/softfp\libg_nano.a(lib_a-exit.o) (_global_impure_ptr)
c:/program files (x86)/gnu tools arm embedded/5.4 2016q3/bin/../lib/gcc/arm-none-eabi/5.4.1/../../../../arm-none-eabi/lib/armv7e-m/softfp\libg_nano.a(lib_a-init.o)
                              c:/program files (x86)/gnu tools arm embedded/5.4 2016q3/bin/../lib/gcc/arm-none-eabi/5.4.1/../../../../arm-none-eabi/lib/armv7e-m/softfp/crt0.o (__libc_init_array)
c:/program files (x86)/gnu tools arm embedded/5.4 2016q3/bin/../lib/gcc/arm-none-eabi/5.4.1/../../../../arm-none-eabi/lib/armv7e-m/softfp\libg_nano.a(lib_a-memset.o)
                              c:/program files (x86)/gnu tools arm embedded/5.4 2016q3/bin/../lib/gcc/arm-none-eabi/5.4.1/../../../../arm-none-eabi/lib/armv7e-m/softfp/crt0.o (memset)
c:/program files (x86)/gnu tools arm embedded/5.4 2016q3/bin/../lib/gcc/arm-none-eabi/5.4.1/../../../../arm-none-eabi/lib/armv7e-m/softfp\libg_nano.a(lib_a-strncpy.o)
                              .\CortexM4\ARM_GCC_Generic\Debug\cy_syslib.o (strncpy)
c:/program files (x86)/gnu tools arm embedded/5.4 2016q3/bin/../lib/gcc/arm-none-eabi/5.4.1/../../../../arm-none-eabi/lib/armv7e-m/softfp\libnosys.a(_exit.o)
                              c:/program files (x86)/gnu tools arm embedded/5.4 2016q3/bin/../lib/gcc/arm-none-eabi/5.4.1/../../../../arm-none-eabi/lib/armv7e-m/softfp\libg_nano.a(lib_a-exit.o) (_exit)
c:/program files (x86)/gnu tools arm embedded/5.4 2016q3/bin/../lib/gcc/arm-none-eabi/5.4.1/../../../../arm-none-eabi/lib/armv7e-m/softfp\libm.a(lib_a-s_floor.o)
                              .\CortexM4\ARM_GCC_Generic\Debug\cy_sysclk.o (floor)
c:/program files (x86)/gnu tools arm embedded/5.4 2016q3/bin/../lib/gcc/arm-none-eabi/5.4.1/../../../../arm-none-eabi/lib/armv7e-m/softfp\libm.a(lib_a-sf_ceil.o)
                              .\CortexM4\ARM_GCC_Generic\Debug\cy_sysclk.o (ceilf)
c:/program files (x86)/gnu tools arm embedded/5.4 2016q3/bin/../lib/gcc/arm-none-eabi/5.4.1/../../../../arm-none-eabi/lib/armv7e-m/softfp\libm.a(lib_a-w_log.o)
                              .\CortexM4\ARM_GCC_Generic\Debug\cy_sysclk.o (log)
c:/program files (x86)/gnu tools arm embedded/5.4 2016q3/bin/../lib/gcc/arm-none-eabi/5.4.1/../../../../arm-none-eabi/lib/armv7e-m/softfp\libm.a(lib_a-e_log.o)
                              c:/program files (x86)/gnu tools arm embedded/5.4 2016q3/bin/../lib/gcc/arm-none-eabi/5.4.1/../../../../arm-none-eabi/lib/armv7e-m/softfp\libm.a(lib_a-w_log.o) (__ieee754_log)
c:/program files (x86)/gnu tools arm embedded/5.4 2016q3/bin/../lib/gcc/arm-none-eabi/5.4.1/../../../../arm-none-eabi/lib/armv7e-m/softfp\libm.a(lib_a-s_lib_ver.o)
[...]
Memory Configuration

Name             Origin             Length             Attributes
ram              0x08024000         0x00023800         xrw
flash            0x10080000         0x00080000         xr
em_eeprom        0x14000000         0x00008000         xr
sflash_user_data 0x16000800         0x00000800         xr
sflash_nar       0x16001a00         0x00000200         xr
sflash_public_key 0x16005a00         0x00000c00         xr
sflash_toc_2     0x16007c00         0x00000200         xr
sflash_rtoc_2    0x16007e00         0x00000200         xr
xip              0x18000000         0x08000000         xr
efuse            0x90700000         0x00100000         r
*default*        0x00000000         0xffffffff

Linker script and memory map

LOAD c:/program files (x86)/gnu tools arm embedded/5.4 2016q3/bin/../lib/gcc/arm-none-eabi/5.4.1/armv7e-m/softfp/crti.o
LOAD c:/program files (x86)/gnu tools arm embedded/5.4 2016q3/bin/../lib/gcc/arm-none-eabi/5.4.1/armv7e-m/softfp/crtbegin.o
LOAD c:/program files (x86)/gnu tools arm embedded/5.4 2016q3/bin/../lib/gcc/arm-none-eabi/5.4.1/../../../../arm-none-eabi/lib/armv7e-m/softfp/crt0.o
START GROUP
LOAD .\CortexM4\ARM_GCC_Generic\Debug\startup_psoc6_01_cm4.o
LOAD .\CortexM4\ARM_GCC_Generic\Debug\main_cm4.o
LOAD .\CortexM4\ARM_GCC_Generic\Debug\i2cFunctions.o
LOAD .\CortexM4\ARM_GCC_Generic\Debug\mpu6050.o
LOAD .\CortexM4\ARM_GCC_Generic\Debug\system_psoc6_cm4.o
LOAD .\CortexM4\ARM_GCC_Generic\Debug\cyfitter_sysint_cfg.o
LOAD .\CortexM4\ARM_GCC_Generic\Debug\cymetadata.o
LOAD .\CortexM4\ARM_GCC_Generic\Debug\cy_sysint.o
LOAD .\CortexM4\ARM_GCC_Generic\Debug\cy_ipc_drv.o
LOAD .\CortexM4\ARM_GCC_Generic\Debug\cy_ipc_sema.o
LOAD .\CortexM4\ARM_GCC_Generic\Debug\cy_ipc_pipe.o
LOAD .\CortexM4\ARM_GCC_Generic\Debug\cy_sysclk.o
LOAD .\CortexM4\ARM_GCC_Generic\Debug\cy_wdt.o
LOAD .\CortexM4\ARM_GCC_Generic\Debug\cy_scb_common.o
LOAD .\CortexM4\ARM_GCC_Generic\Debug\cy_scb_i2c.o
LOAD .\CortexM4\ARM_GCC_Generic\Debug\cy_scb_ezi2c.o
LOAD .\CortexM4\ARM_GCC_Generic\Debug\cy_scb_spi.o
LOAD .\CortexM4\ARM_GCC_Generic\Debug\cy_scb_uart.o
LOAD .\CortexM4\ARM_GCC_Generic\Debug\cy_efuse.o
LOAD .\CortexM4\ARM_GCC_Generic\Debug\cy_flash.o
LOAD .\CortexM4\ARM_GCC_Generic\Debug\cy_gpio.o
LOAD .\CortexM4\ARM_GCC_Generic\Debug\cy_sysanalog.o
LOAD .\CortexM4\ARM_GCC_Generic\Debug\cy_syspm.o
LOAD .\CortexM4\ARM_GCC_Generic\Debug\cy_syslib.o
LOAD .\CortexM4\ARM_GCC_Generic\Debug\cy_syslib_gcc.o
LOAD .\CortexM4\ARM_GCC_Generic\Debug\cy_trigmux.o
LOAD .\CortexM4\ARM_GCC_Generic\Debug\cy_systick.o
LOAD .\CortexM4\ARM_GCC_Generic\Debug\cy_profile.o
LOAD .\CortexM4\ARM_GCC_Generic\Debug\cy_prot.o
LOAD .\CortexM4\ARM_GCC_Generic\Debug\cy_lvd.o
LOAD .\CortexM4\ARM_GCC_Generic\Debug\cy_device.o
LOAD .\CortexM4\ARM_GCC_Generic\Debug\UART.o
LOAD .\CortexM4\ARM_GCC_Generic\Debug\I2C_MPU6050.o
END GROUP
START GROUP
LOAD c:/program files (x86)/gnu tools arm embedded/5.4 2016q3/bin/../lib/gcc/arm-none-eabi/5.4.1/armv7e-m/softfp\libgcc.a
LOAD c:/program files (x86)/gnu tools arm embedded/5.4 2016q3/bin/../lib/gcc/arm-none-eabi/5.4.1/../../../../arm-none-eabi/lib/armv7e-m/softfp\libg_nano.a
LOAD c:/program files (x86)/gnu tools arm embedded/5.4 2016q3/bin/../lib/gcc/arm-none-eabi/5.4.1/../../../../arm-none-eabi/lib/armv7e-m/softfp\libc_nano.a
END GROUP
START GROUP
LOAD c:/program files (x86)/gnu tools arm embedded/5.4 2016q3/bin/../lib/gcc/arm-none-eabi/5.4.1/armv7e-m/softfp\libgcc.a
LOAD c:/program files (x86)/gnu tools arm embedded/5.4 2016q3/bin/../lib/gcc/arm-none-eabi/5.4.1/../../../../arm-none-eabi/lib/armv7e-m/softfp\libc_nano.a
END GROUP
LOAD c:/program files (x86)/gnu tools arm embedded/5.4 2016q3/bin/../lib/gcc/arm-none-eabi/5.4.1/armv7e-m/softfp/crtend.o
LOAD c:/program files (x86)/gnu tools arm embedded/5.4 2016q3/bin/../lib/gcc/arm-none-eabi/5.4.1/armv7e-m/softfp/crtn.o
START GROUP
LOAD c:/program files (x86)/gnu tools arm embedded/5.4 2016q3/bin/../lib/gcc/arm-none-eabi/5.4.1/armv7e-m/softfp\libgcc.a
LOAD c:/program files (x86)/gnu tools arm embedded/5.4 2016q3/bin/../lib/gcc/arm-none-eabi/5.4.1/../../../../arm-none-eabi/lib/armv7e-m/softfp\libc.a
LOAD c:/program files (x86)/gnu tools arm embedded/5.4 2016q3/bin/../lib/gcc/arm-none-eabi/5.4.1/../../../../arm-none-eabi/lib/armv7e-m/softfp\libnosys.a
END GROUP
START GROUP
LOAD c:/program files (x86)/gnu tools arm embedded/5.4 2016q3/bin/../lib/gcc/arm-none-eabi/5.4.1/armv7e-m/softfp\libgcc.a
LOAD c:/program files (x86)/gnu tools arm embedded/5.4 2016q3/bin/../lib/gcc/arm-none-eabi/5.4.1/../../../../arm-none-eabi/lib/armv7e-m/softfp\libc.a
LOAD c:/program files (x86)/gnu tools arm embedded/5.4 2016q3/bin/../lib/gcc/arm-none-eabi/5.4.1/../../../../arm-none-eabi/lib/armv7e-m/softfp\libm.a
LOAD c:/program files (x86)/gnu tools arm embedded/5.4 2016q3/bin/../lib/gcc/arm-none-eabi/5.4.1/../../../../arm-none-eabi/lib/armv7e-m/softfp\libnosys.a
END GROUP

.text           0x10080000     0x31ac
                0x10080000                . = ALIGN (0x4)
                0x10080000                __Vectors = .
 *(.vectors)
 .vectors       0x10080000      0x28c .\CortexM4\ARM_GCC_Generic\Debug\startup_psoc6_01_cm4.o
                0x1008028c                . = ALIGN (0x4)
                0x1008028c                __Vectors_End = .
                0x0000028c                __Vectors_Size = (__Vectors_End - __Vectors)
                0x1008028c                __end__ = .
                0x1008028c                . = ALIGN (0x4)
 *(.text*)
 .text          0x1008028c       0x5c c:/program files (x86)/gnu tools arm embedded/5.4 2016q3/bin/../lib/gcc/arm-none-eabi/5.4.1/armv7e-m/softfp/crtbegin.o
 .text          0x100802e8       0x84 .\CortexM4\ARM_GCC_Generic\Debug\startup_psoc6_01_cm4.o
                0x100802e8                Cy_OnResetUser
                0x100802ea                Reset_Handler
                0x1008034c                cpuss_interrupts_ipc_6_IRQHandler
                0x1008034c                DebugMon_Handler
                0x1008034c                tcpwm_1_interrupts_11_IRQHandler
                0x1008034c                cpuss_interrupts_ipc_0_IRQHandler
                0x1008034c                tcpwm_1_interrupts_15_IRQHandler
                0x1008034c                ioss_interrupts_gpio_13_IRQHandler
                0x1008034c                tcpwm_1_interrupts_13_IRQHandler
                0x1008034c                cpuss_interrupts_dw1_8_IRQHandler
                0x1008034c                tcpwm_0_interrupts_0_IRQHandler
                0x1008034c                SysTick_Handler
                0x1008034c                cpuss_interrupt_fm_IRQHandler
                0x1008034c                cpuss_interrupts_ipc_7_IRQHandler
                0x1008034c                tcpwm_1_interrupts_14_IRQHandler
                0x1008034c                cpuss_interrupts_dw0_5_IRQHandler
                0x1008034c                tcpwm_1_interrupts_9_IRQHandler
                0x1008034c                cpuss_interrupts_cm0_cti_1_IRQHandler
                0x1008034c                tcpwm_1_interrupts_22_IRQHandler
                0x1008034c                cpuss_interrupts_dw0_4_IRQHandler
                0x1008034c                PendSV_Handler
                0x1008034c                NMI_Handler
                0x1008034c                cpuss_interrupts_dw1_12_IRQHandler
                0x1008034c                tcpwm_1_interrupts_12_IRQHandler
                0x1008034c                smif_interrupt_IRQHandler
                0x1008034c                tcpwm_1_interrupts_2_IRQHandler
                0x1008034c                cpuss_interrupts_ipc_13_IRQHandler
                0x1008034c                udb_interrupts_11_IRQHandler
                0x1008034c                tcpwm_1_interrupts_18_IRQHandler
                0x1008034c                cpuss_interrupts_dw0_11_IRQHandler
                0x1008034c                tcpwm_0_interrupts_2_IRQHandler
                0x1008034c                cpuss_interrupts_dw0_13_IRQHandler
                0x1008034c                udb_interrupts_2_IRQHandler
                0x1008034c                cpuss_interrupts_dw1_7_IRQHandler
                0x1008034c                ioss_interrupts_gpio_1_IRQHandler
                0x1008034c                ioss_interrupts_gpio_7_IRQHandler
                0x1008034c                scb_5_interrupt_IRQHandler
                0x1008034c                udb_interrupts_6_IRQHandler
                0x1008034c                cpuss_interrupts_fault_1_IRQHandler
                0x1008034c                cpuss_interrupts_ipc_4_IRQHandler
                0x1008034c                cpuss_interrupts_ipc_5_IRQHandler
                0x1008034c                cpuss_interrupts_dw1_10_IRQHandler
                0x1008034c                udb_interrupts_0_IRQHandler
                0x1008034c                tcpwm_1_interrupts_6_IRQHandler
                0x1008034c                scb_4_interrupt_IRQHandler
                0x1008034c                pass_interrupt_dacs_IRQHandler
                0x1008034c                ioss_interrupts_gpio_2_IRQHandler
                0x1008034c                cpuss_interrupts_dw1_9_IRQHandler
                0x1008034c                cpuss_interrupts_dw1_13_IRQHandler
                0x1008034c                scb_2_interrupt_IRQHandler
                0x1008034c                cpuss_interrupts_cm0_cti_0_IRQHandler
                0x1008034c                udb_interrupts_5_IRQHandler
                0x1008034c                srss_interrupt_IRQHandler
                0x1008034c                udb_interrupts_12_IRQHandler
                0x1008034c                scb_0_interrupt_IRQHandler
                0x1008034c                csd_interrupt_IRQHandler
                0x1008034c                udb_interrupts_1_IRQHandler
                0x1008034c                profile_interrupt_IRQHandler
                0x1008034c                tcpwm_1_interrupts_1_IRQHandler
                0x1008034c                cpuss_interrupts_ipc_12_IRQHandler
                0x1008034c                tcpwm_1_interrupts_3_IRQHandler
                0x1008034c                tcpwm_0_interrupts_7_IRQHandler
                0x1008034c                cpuss_interrupts_dw1_1_IRQHandler
                0x1008034c                cpuss_interrupts_dw1_0_IRQHandler
                0x1008034c                cpuss_interrupts_dw0_9_IRQHandler
                0x1008034c                lpcomp_interrupt_IRQHandler
                0x1008034c                tcpwm_1_interrupts_23_IRQHandler
                0x1008034c                udb_interrupts_4_IRQHandler
                0x1008034c                tcpwm_1_interrupts_20_IRQHandler
                0x1008034c                ioss_interrupt_gpio_IRQHandler
                0x1008034c                tcpwm_0_interrupts_1_IRQHandler
                0x1008034c                ioss_interrupts_gpio_8_IRQHandler
                0x1008034c                tcpwm_0_interrupts_6_IRQHandler
                0x1008034c                scb_7_interrupt_IRQHandler
                0x1008034c                tcpwm_1_interrupts_7_IRQHandler
                0x1008034c                cpuss_interrupts_ipc_11_IRQHandler
                0x1008034c                udb_interrupts_13_IRQHandler
                0x1008034c                cpuss_interrupts_dw0_15_IRQHandler
                0x1008034c                udb_interrupts_7_IRQHandler
                0x1008034c                cpuss_interrupts_dw1_6_IRQHandler
                0x1008034c                cpuss_interrupt_crypto_IRQHandler
                0x1008034c                scb_1_interrupt_IRQHandler
                0x1008034c                Default_Handler
                0x1008034c                usb_interrupt_hi_IRQHandler
                0x1008034c                tcpwm_1_interrupts_0_IRQHandler
                0x1008034c                udb_interrupts_9_IRQHandler
                0x1008034c                audioss_interrupt_pdm_IRQHandler
                0x1008034c                srss_interrupt_mcwdt_0_IRQHandler
                0x1008034c                scb_3_interrupt_IRQHandler
                0x1008034c                pass_interrupt_ctbs_IRQHandler
                0x1008034c                udb_interrupts_8_IRQHandler
                0x1008034c                ioss_interrupts_gpio_3_IRQHandler
                0x1008034c                scb_6_interrupt_IRQHandler
                0x1008034c                cpuss_interrupts_cm4_cti_0_IRQHandler
                0x1008034c                cpuss_interrupts_dw1_3_IRQHandler
                0x1008034c                pass_interrupt_sar_IRQHandler
                0x1008034c                ioss_interrupts_gpio_0_IRQHandler
                0x1008034c                ioss_interrupts_gpio_14_IRQHandler
                0x1008034c                tcpwm_0_interrupts_4_IRQHandler
                0x1008034c                udb_interrupts_3_IRQHandler
                0x1008034c                tcpwm_0_interrupts_5_IRQHandler
                0x1008034c                cpuss_interrupts_ipc_15_IRQHandler
                0x1008034c                cpuss_interrupts_cm4_cti_1_IRQHandler
                0x1008034c                scb_8_interrupt_IRQHandler
                0x1008034c                srss_interrupt_mcwdt_1_IRQHandler
                0x1008034c                cpuss_interrupts_dw1_2_IRQHandler
                0x1008034c                SVC_Handler
                0x1008034c                cpuss_interrupts_dw1_5_IRQHandler
                0x1008034c                cpuss_interrupts_ipc_1_IRQHandler
                0x1008034c                cpuss_interrupts_dw0_0_IRQHandler
                0x1008034c                ioss_interrupts_gpio_12_IRQHandler
                0x1008034c                cpuss_interrupts_ipc_3_IRQHandler
                0x1008034c                tcpwm_1_interrupts_17_IRQHandler
                0x1008034c                srss_interrupt_backup_IRQHandler
                0x1008034c                bless_interrupt_IRQHandler
                0x1008034c                cpuss_interrupts_ipc_10_IRQHandler
                0x1008034c                cpuss_interrupts_ipc_9_IRQHandler
                0x1008034c                cpuss_interrupts_dw0_14_IRQHandler
                0x1008034c                tcpwm_1_interrupts_4_IRQHandler
                0x1008034c                tcpwm_0_interrupts_3_IRQHandler
                0x1008034c                cpuss_interrupts_dw1_15_IRQHandler
                0x1008034c                ioss_interrupts_gpio_10_IRQHandler
                0x1008034c                udb_interrupts_10_IRQHandler
                0x1008034c                cpuss_interrupts_dw0_8_IRQHandler
                0x1008034c                ioss_interrupts_gpio_11_IRQHandler
                0x1008034c                cpuss_interrupts_ipc_14_IRQHandler
                0x1008034c                ioss_interrupts_gpio_5_IRQHandler
                0x1008034c                ioss_interrupts_gpio_4_IRQHandler
                0x1008034c                tcpwm_1_interrupts_8_IRQHandler
                0x1008034c                cpuss_interrupts_dw1_14_IRQHandler
                0x1008034c                usb_interrupt_med_IRQHandler
                0x1008034c                cpuss_interrupts_dw0_2_IRQHandler
                0x1008034c                tcpwm_1_interrupts_10_IRQHandler
                0x1008034c                cpuss_interrupts_fault_0_IRQHandler
                0x1008034c                cpuss_interrupts_dw0_12_IRQHandler
                0x1008034c                ioss_interrupts_gpio_6_IRQHandler
                0x1008034c                tcpwm_1_interrupts_21_IRQHandler
                0x1008034c                tcpwm_1_interrupts_16_IRQHandler
                0x1008034c                cpuss_interrupts_dw1_4_IRQHandler
                0x1008034c                udb_interrupts_15_IRQHandler
                0x1008034c                cpuss_interrupts_dw1_11_IRQHandler
                0x1008034c                cpuss_interrupts_dw0_6_IRQHandler
                0x1008034c                ioss_interrupt_vdd_IRQHandler
                0x1008034c                cpuss_interrupts_dw0_7_IRQHandler
                0x1008034c                audioss_interrupt_i2s_IRQHandler
                0x1008034c                tcpwm_1_interrupts_5_IRQHandler
                0x1008034c                cpuss_interrupts_ipc_2_IRQHandler
                0x1008034c                cpuss_interrupts_dw0_10_IRQHandler
                0x1008034c                tcpwm_1_interrupts_19_IRQHandler
                0x1008034c                cpuss_interrupts_dw0_1_IRQHandler
                0x1008034c                ioss_interrupts_gpio_9_IRQHandler
                0x1008034c                usb_interrupt_lo_IRQHandler
                0x1008034c                cpuss_interrupts_ipc_8_IRQHandler
                0x1008034c                udb_interrupts_14_IRQHandler
                0x1008034c                cpuss_interrupts_dw0_3_IRQHandler
                0x10080350                UsageFault_Handler
                0x10080350                HardFault_Handler
                0x10080350                MemManage_Handler
                0x10080350                BusFault_Handler
 .text.main     0x1008036c      0x128 .\CortexM4\ARM_GCC_Generic\Debug\main_cm4.o
                0x1008036c                main
 .text.I2CReadBytes
                0x10080494       0x84 .\CortexM4\ARM_GCC_Generic\Debug\i2cFunctions.o
                0x10080494                I2CReadBytes
 .text.I2CWriteBytes
                0x10080518       0x60 .\CortexM4\ARM_GCC_Generic\Debug\i2cFunctions.o
                0x10080518                I2CWriteBytes
 .text.I2CReadByte
                0x10080578        0xc .\CortexM4\ARM_GCC_Generic\Debug\i2cFunctions.o
                0x10080578                I2CReadByte
 .text.I2CWriteByte
                0x10080584       0x18 .\CortexM4\ARM_GCC_Generic\Debug\i2cFunctions.o
                0x10080584                I2CWriteByte
 .text.I2CWriteBits
                0x1008059c       0x4c .\CortexM4\ARM_GCC_Generic\Debug\i2cFunctions.o
                0x1008059c                I2CWriteBits
 .text.I2CWriteBit
                0x100805e8       0x40 .\CortexM4\ARM_GCC_Generic\Debug\i2cFunctions.o
                0x100805e8                I2CWriteBit
 .text.MPU6050_init
                0x10080628        0xc .\CortexM4\ARM_GCC_Generic\Debug\mpu6050.o
                0x10080628                MPU6050_init
 .text.MPU6050_setDLPFMode
                0x10080634       0x20 .\CortexM4\ARM_GCC_Generic\Debug\mpu6050.o
                0x10080634                MPU6050_setDLPFMode
 .text.MPU6050_setFullScaleGyroRange
                0x10080654       0x20 .\CortexM4\ARM_GCC_Generic\Debug\mpu6050.o
                0x10080654                MPU6050_setFullScaleGyroRange
 .text.MPU6050_setFullScaleAccelRange
                0x10080674       0x20 .\CortexM4\ARM_GCC_Generic\Debug\mpu6050.o
                0x10080674                MPU6050_setFullScaleAccelRange
 .text.MPU6050_getMotion6
                0x10080694       0x6c .\CortexM4\ARM_GCC_Generic\Debug\mpu6050.o
                0x10080694                MPU6050_getMotion6
 .text.MPU6050_setSleepEnabled
                0x10080700       0x18 .\CortexM4\ARM_GCC_Generic\Debug\mpu6050.o
                0x10080700                MPU6050_setSleepEnabled
 .text.MPU6050_setClockSource
                0x10080718       0x20 .\CortexM4\ARM_GCC_Generic\Debug\mpu6050.o
                0x10080718                MPU6050_setClockSource
 .text.MPU6050_initialize
                0x10080738       0x1c .\CortexM4\ARM_GCC_Generic\Debug\mpu6050.o
                0x10080738                MPU6050_initialize
 .text.Cy_SysIpcPipeIsrCm4
                0x10080754        0xc .\CortexM4\ARM_GCC_Generic\Debug\system_psoc6_cm4.o
                0x10080754                Cy_SysIpcPipeIsrCm4
 .text.Cy_SystemInit
                0x10080760        0x4 .\CortexM4\ARM_GCC_Generic\Debug\system_psoc6_cm4.o
                0x10080760                Cy_SystemInit
 .text.SystemCoreClockUpdate
                0x10080764      0x188 .\CortexM4\ARM_GCC_Generic\Debug\system_psoc6_cm4.o
                0x10080764                SystemCoreClockUpdate
 .text.SystemInit
                0x100808ec       0x48 .\CortexM4\ARM_GCC_Generic\Debug\system_psoc6_cm4.o
                0x100808ec                SystemInit
 .text.Cy_SystemInitFpuEnable
                0x10080934       0x28 .\CortexM4\ARM_GCC_Generic\Debug\system_psoc6_cm4.o
                0x10080934                Cy_SystemInitFpuEnable
 .text.Cy_SysInt_SetVector
                0x1008095c       0x48 .\CortexM4\ARM_GCC_Generic\Debug\cy_sysint.o
                0x1008095c                Cy_SysInt_SetVector
 .text.Cy_SysInt_Init
                0x100809a4       0x74 .\CortexM4\ARM_GCC_Generic\Debug\cy_sysint.o
                0x100809a4                Cy_SysInt_Init
 .text.Cy_IPC_Drv_LockRelease
                0x10080a18       0x3c .\CortexM4\ARM_GCC_Generic\Debug\cy_ipc_drv.o
                0x10080a18                Cy_IPC_Drv_LockRelease
 .text.Cy_IPC_Drv_SendMsgWord
                0x10080a54       0x3c .\CortexM4\ARM_GCC_Generic\Debug\cy_ipc_drv.o
                0x10080a54                Cy_IPC_Drv_SendMsgWord
 .text.Cy_IPC_Drv_ReadMsgWord
                0x10080a90       0x38 .\CortexM4\ARM_GCC_Generic\Debug\cy_ipc_drv.o
                0x10080a90                Cy_IPC_Drv_ReadMsgWord
 .text.Cy_IPC_Sema_InitExt
                0x10080ac8       0xac .\CortexM4\ARM_GCC_Generic\Debug\cy_ipc_sema.o
                0x10080ac8                Cy_IPC_Sema_InitExt
 .text.Cy_IPC_Sema_Init
                0x10080b74       0x64 .\CortexM4\ARM_GCC_Generic\Debug\cy_ipc_sema.o
                0x10080b74                Cy_IPC_Sema_Init
 .text.Cy_IPC_Sema_Clear
                0x10080bd8       0x88 .\CortexM4\ARM_GCC_Generic\Debug\cy_ipc_sema.o
                0x10080bd8                Cy_IPC_Sema_Clear
 .text.Cy_IPC_Sema_Status
                0x10080c60       0x40 .\CortexM4\ARM_GCC_Generic\Debug\cy_ipc_sema.o
                0x10080c60                Cy_IPC_Sema_Status
 .text.Cy_IPC_Pipe_Config
                0x10080ca0       0x10 .\CortexM4\ARM_GCC_Generic\Debug\cy_ipc_pipe.o
                0x10080ca0                Cy_IPC_Pipe_Config
 .text.Cy_IPC_Pipe_EndpointInit
                0x10080cb0       0xd0 .\CortexM4\ARM_GCC_Generic\Debug\cy_ipc_pipe.o
                0x10080cb0                Cy_IPC_Pipe_EndpointInit
 .text.Cy_IPC_Pipe_Init
                0x10080d80       0xb4 .\CortexM4\ARM_GCC_Generic\Debug\cy_ipc_pipe.o
                0x10080d80                Cy_IPC_Pipe_Init
 .text.Cy_IPC_Pipe_SendMessage
                0x10080e34       0xa4 .\CortexM4\ARM_GCC_Generic\Debug\cy_ipc_pipe.o
                0x10080e34                Cy_IPC_Pipe_SendMessage
 .text.Cy_IPC_Pipe_RegisterCallback
                0x10080ed8       0x50 .\CortexM4\ARM_GCC_Generic\Debug\cy_ipc_pipe.o
                0x10080ed8                Cy_IPC_Pipe_RegisterCallback
 .text.Cy_IPC_Pipe_ExecCallback
                0x10080f28       0xbc .\CortexM4\ARM_GCC_Generic\Debug\cy_ipc_pipe.o
                0x10080f28                Cy_IPC_Pipe_ExecCallback
 .text.Cy_IPC_Pipe_ExecuteCallback
                0x10080fe4       0x2c .\CortexM4\ARM_GCC_Generic\Debug\cy_ipc_pipe.o
                0x10080fe4                Cy_IPC_Pipe_ExecuteCallback
 .text.Cy_SCB_ReadArrayNoCheck
                0x10081010       0x38 .\CortexM4\ARM_GCC_Generic\Debug\cy_scb_common.o
                0x10081010                Cy_SCB_ReadArrayNoCheck
 .text.Cy_SCB_ReadArray
                0x10081048       0x1c .\CortexM4\ARM_GCC_Generic\Debug\cy_scb_common.o
                0x10081048                Cy_SCB_ReadArray
 .text.Cy_SCB_Write
                0x10081064       0x28 .\CortexM4\ARM_GCC_Generic\Debug\cy_scb_common.o
                0x10081064                Cy_SCB_Write
 .text.Cy_SCB_WriteArrayNoCheck
                0x1008108c       0x38 .\CortexM4\ARM_GCC_Generic\Debug\cy_scb_common.o
                0x1008108c                Cy_SCB_WriteArrayNoCheck
 .text.Cy_SCB_WriteArray
                0x100810c4       0x2c .\CortexM4\ARM_GCC_Generic\Debug\cy_scb_common.o
                0x100810c4                Cy_SCB_WriteArray
 .text.Cy_SCB_WriteDefaultArrayNoCheck
                0x100810f0       0x10 .\CortexM4\ARM_GCC_Generic\Debug\cy_scb_common.o
                0x100810f0                Cy_SCB_WriteDefaultArrayNoCheck
 .text.Cy_SCB_WriteDefaultArray
                0x10081100       0x2c .\CortexM4\ARM_GCC_Generic\Debug\cy_scb_common.o
                0x10081100                Cy_SCB_WriteDefaultArray
 .text.SlaveHandleStop
                0x1008112c       0xec .\CortexM4\ARM_GCC_Generic\Debug\cy_scb_i2c.o
 .text.MasterHandleEvents
                0x10081218       0x74 .\CortexM4\ARM_GCC_Generic\Debug\cy_scb_i2c.o
 .text.MasterHandleStop
                0x1008128c       0x2c .\CortexM4\ARM_GCC_Generic\Debug\cy_scb_i2c.o
 .text.MasterHandleComplete
                0x100812b8       0xf4 .\CortexM4\ARM_GCC_Generic\Debug\cy_scb_i2c.o
 .text.HandleStatus
                0x100813ac       0xf0 .\CortexM4\ARM_GCC_Generic\Debug\cy_scb_i2c.o
 .text.WaitOneUnit
                0x1008149c       0x24 .\CortexM4\ARM_GCC_Generic\Debug\cy_scb_i2c.o
 .text.SlaveHandleDataTransmit
                0x100814c0       0xe8 .\CortexM4\ARM_GCC_Generic\Debug\cy_scb_i2c.o
 .text.MasterHandleDataTransmit
                0x100815a8       0xb8 .\CortexM4\ARM_GCC_Generic\Debug\cy_scb_i2c.o
 .text.SlaveHandleAddress
                0x10081660      0x158 .\CortexM4\ARM_GCC_Generic\Debug\cy_scb_i2c.o
 .text.MasterHandleDataReceive
                0x100817b8       0xf0 .\CortexM4\ARM_GCC_Generic\Debug\cy_scb_i2c.o
 .text.SlaveHandleDataReceive
                0x100818a8       0xbc .\CortexM4\ARM_GCC_Generic\Debug\cy_scb_i2c.o
 .text.Cy_SCB_I2C_Init
                0x10081964      0x18c .\CortexM4\ARM_GCC_Generic\Debug\cy_scb_i2c.o
                0x10081964                Cy_SCB_I2C_Init
 .text.Cy_SCB_I2C_GetDataRate
                0x10081af0       0x90 .\CortexM4\ARM_GCC_Generic\Debug\cy_scb_i2c.o
                0x10081af0                Cy_SCB_I2C_GetDataRate
 .text.Cy_SCB_I2C_SetDataRate
                0x10081b80      0x1d0 .\CortexM4\ARM_GCC_Generic\Debug\cy_scb_i2c.o
                0x10081b80                Cy_SCB_I2C_SetDataRate
 .text.Cy_SCB_I2C_MasterSendStart
                0x10081d50       0xf0 .\CortexM4\ARM_GCC_Generic\Debug\cy_scb_i2c.o
                0x10081d50                Cy_SCB_I2C_MasterSendStart
 .text.Cy_SCB_I2C_MasterSendReStart
                0x10081e40       0xd4 .\CortexM4\ARM_GCC_Generic\Debug\cy_scb_i2c.o
                0x10081e40                Cy_SCB_I2C_MasterSendReStart
 .text.Cy_SCB_I2C_MasterSendStop
                0x10081f14       0x64 .\CortexM4\ARM_GCC_Generic\Debug\cy_scb_i2c.o
                0x10081f14                Cy_SCB_I2C_MasterSendStop
 .text.Cy_SCB_I2C_MasterReadByte
                0x10081f78       0xb4 .\CortexM4\ARM_GCC_Generic\Debug\cy_scb_i2c.o
                0x10081f78                Cy_SCB_I2C_MasterReadByte
 .text.Cy_SCB_I2C_MasterWriteByte
                0x1008202c       0x68 .\CortexM4\ARM_GCC_Generic\Debug\cy_scb_i2c.o
                0x1008202c                Cy_SCB_I2C_MasterWriteByte
 .text.Cy_SCB_I2C_SlaveInterrupt
                0x10082094       0xe4 .\CortexM4\ARM_GCC_Generic\Debug\cy_scb_i2c.o
                0x10082094                Cy_SCB_I2C_SlaveInterrupt
 .text.Cy_SCB_I2C_MasterInterrupt
                0x10082178       0x8c .\CortexM4\ARM_GCC_Generic\Debug\cy_scb_i2c.o
                0x10082178                Cy_SCB_I2C_MasterInterrupt
 .text.Cy_SCB_I2C_Interrupt
                0x10082204       0x18 .\CortexM4\ARM_GCC_Generic\Debug\cy_scb_i2c.o
                0x10082204                Cy_SCB_I2C_Interrupt
 .text.HandleDataTransmit
                0x1008221c       0xdc .\CortexM4\ARM_GCC_Generic\Debug\cy_scb_uart.o
 .text.HandleDataReceive
                0x100822f8       0xf8 .\CortexM4\ARM_GCC_Generic\Debug\cy_scb_uart.o
 .text.Cy_SCB_UART_Init
                0x100823f0      0x364 .\CortexM4\ARM_GCC_Generic\Debug\cy_scb_uart.o
                0x100823f0                Cy_SCB_UART_Init
 .text.Cy_SCB_UART_GetNumInRingBuffer
                0x10082754       0x18 .\CortexM4\ARM_GCC_Generic\Debug\cy_scb_uart.o
                0x10082754                Cy_SCB_UART_GetNumInRingBuffer
 .text.HandleRingBuffer
                0x1008276c       0xcc .\CortexM4\ARM_GCC_Generic\Debug\cy_scb_uart.o
 .text.Cy_SCB_UART_Interrupt
                0x10082838       0xe8 .\CortexM4\ARM_GCC_Generic\Debug\cy_scb_uart.o
                0x10082838                Cy_SCB_UART_Interrupt
 .text.Cy_Flash_ProcessOpcode
                0x10082920       0xac .\CortexM4\ARM_GCC_Generic\Debug\cy_flash.o
 .text.Cy_Flash_OperationStatus
                0x100829cc       0x5c .\CortexM4\ARM_GCC_Generic\Debug\cy_flash.o
 .text.Cy_Flash_InitExt
                0x10082a28       0x80 .\CortexM4\ARM_GCC_Generic\Debug\cy_flash.o
                0x10082a28                Cy_Flash_InitExt
 .text.Cy_Flash_Init
                0x10082aa8       0x10 .\CortexM4\ARM_GCC_Generic\Debug\cy_flash.o
                0x10082aa8                Cy_Flash_Init
 .text.Cy_SysLib_DelayUs
                0x10082ab8       0x14 .\CortexM4\ARM_GCC_Generic\Debug\cy_syslib.o
                0x10082ab8                Cy_SysLib_DelayUs
 .text.Cy_SysLib_Halt
                0x10082acc        0x4 .\CortexM4\ARM_GCC_Generic\Debug\cy_syslib.o
                0x10082acc                Cy_SysLib_Halt
 .text.Cy_SysLib_AssertFailed
                0x10082ad0       0x1c .\CortexM4\ARM_GCC_Generic\Debug\cy_syslib.o
                0x10082ad0                Cy_SysLib_AssertFailed
 .text.Cy_SysLib_ProcessingFault
                0x10082aec        0x4 .\CortexM4\ARM_GCC_Generic\Debug\cy_syslib.o
                0x10082aec                Cy_SysLib_ProcessingFault
 .text.Cy_SysLib_FaultHandler
                0x10082af0       0xa4 .\CortexM4\ARM_GCC_Generic\Debug\cy_syslib.o
                0x10082af0                Cy_SysLib_FaultHandler
 *fill*         0x10082b94        0x4 
 .text          0x10082b98       0x20 .\CortexM4\ARM_GCC_Generic\Debug\cy_syslib_gcc.o
                0x10082b98                Cy_SysLib_DelayCycles
                0x10082baa                Cy_SysLib_EnterCriticalSection
                0x10082bb2                Cy_SysLib_ExitCriticalSection
 .text.Cy_PDL_Init
                0x10082bb8        0xc .\CortexM4\ARM_GCC_Generic\Debug\cy_device.o
                0x10082bb8                Cy_PDL_Init
 .text.UART_Interrupt
                0x10082bc4       0x14 .\CortexM4\ARM_GCC_Generic\Debug\UART.o
 .text.UART_Start
                0x10082bd8       0x64 .\CortexM4\ARM_GCC_Generic\Debug\UART.o
                0x10082bd8                UART_Start
 .text.I2C_MPU6050_Interrupt
                0x10082c3c       0x14 .\CortexM4\ARM_GCC_Generic\Debug\I2C_MPU6050.o
 .text.I2C_MPU6050_Start
                0x10082c50       0x78 .\CortexM4\ARM_GCC_Generic\Debug\I2C_MPU6050.o
                0x10082c50                I2C_MPU6050_Start
 .text.memset   0x10082cc8       0x10 c:/program files (x86)/gnu tools arm embedded/5.4 2016q3/bin/../lib/gcc/arm-none-eabi/5.4.1/../../../../arm-none-eabi/lib/armv7e-m/softfp\libg_nano.a(lib_a-memset.o)
                0x10082cc8                memset
 .text.strncpy  0x10082cd8       0x26 c:/program files (x86)/gnu tools arm embedded/5.4 2016q3/bin/../lib/gcc/arm-none-eabi/5.4.1/../../../../arm-none-eabi/lib/armv7e-m/softfp\libg_nano.a(lib_a-strncpy.o)
                0x10082cd8                strncpy
 *(.init)
 *fill*         0x10082cfe        0x2 
 .init          0x10082d00        0x4 c:/program files (x86)/gnu tools arm embedded/5.4 2016q3/bin/../lib/gcc/arm-none-eabi/5.4.1/armv7e-m/softfp/crti.o
                0x10082d00                _init
 .init          0x10082d04        0x8 c:/program files (x86)/gnu tools arm embedded/5.4 2016q3/bin/../lib/gcc/arm-none-eabi/5.4.1/armv7e-m/softfp/crtn.o
 *(.fini)
 .fini          0x10082d0c        0x4 c:/program files (x86)/gnu tools arm embedded/5.4 2016q3/bin/../lib/gcc/arm-none-eabi/5.4.1/armv7e-m/softfp/crti.o
                0x10082d0c                _fini
 .fini          0x10082d10        0x8 c:/program files (x86)/gnu tools arm embedded/5.4 2016q3/bin/../lib/gcc/arm-none-eabi/5.4.1/armv7e-m/softfp/crtn.o
 *crtbegin.o(.ctors)
 *crtbegin?.o(.ctors)
 *(EXCLUDE_FILE(*crtend.o *crtend?.o) .ctors)
 *(SORT(.ctors.*))
 *(.ctors)
 *crtbegin.o(.dtors)
 *crtbegin?.o(.dtors)
 *(EXCLUDE_FILE(*crtend.o *crtend?.o) .dtors)
 *(SORT(.dtors.*))
 *(.dtors)
 *(.rodata .rodata.* .constdata .constdata.* .conststring .conststring.*)
 .rodata        0x10082d18       0x34 .\CortexM4\ARM_GCC_Generic\Debug\system_psoc6_cm4.o
 .rodata        0x10082d4c       0x10 .\CortexM4\ARM_GCC_Generic\Debug\cyfitter_sysint_cfg.o
                0x10082d4c                UART_SCB_IRQ_cfg
                0x10082d54                I2C_MPU6050_SCB_IRQ_cfg
 .rodata.str1.4
                0x10082d5c       0x41 .\CortexM4\ARM_GCC_Generic\Debug\cy_sysint.o
 *fill*         0x10082d9d        0x3 
 .rodata.str1.4
                0x10082da0       0x7f .\CortexM4\ARM_GCC_Generic\Debug\cy_ipc_drv.o
 .rodata.str1.4
                0x10082e1f       0x3f .\CortexM4\ARM_GCC_Generic\Debug\cy_ipc_sema.o
 *fill*         0x10082e1f        0x1 
 .rodata.str1.4
                0x10082e20       0x40 .\CortexM4\ARM_GCC_Generic\Debug\cy_ipc_pipe.o
                                 0x7f (size before relaxing)
 .rodata.str1.4
                0x10082e60       0xc3 .\CortexM4\ARM_GCC_Generic\Debug\cy_scb_i2c.o
 *fill*         0x10082f23        0x1 
 .rodata.str1.4
                0x10082f24       0x80 .\CortexM4\ARM_GCC_Generic\Debug\cy_scb_uart.o
                                 0xc4 (size before relaxing)
 .rodata.str1.4
                0x10082fa4       0x40 .\CortexM4\ARM_GCC_Generic\Debug\cy_flash.o
                                 0x3f (size before relaxing)
 .rodata        0x10082fe4      0x170 .\CortexM4\ARM_GCC_Generic\Debug\cy_device.o
                0x10082fe4                cy_deviceIpBlockCfgPSoC6_02
                0x1008309c                cy_deviceIpBlockCfgPSoC6_01
 .rodata        0x10083154       0x40 .\CortexM4\ARM_GCC_Generic\Debug\UART.o
                0x10083154                UART_config
 .rodata        0x10083194       0x14 .\CortexM4\ARM_GCC_Generic\Debug\I2C_MPU6050.o
                0x10083194                I2C_MPU6050_config
 *(.eh_frame*)
 .eh_frame      0x100831a8        0x0 c:/program files (x86)/gnu tools arm embedded/5.4 2016q3/bin/../lib/gcc/arm-none-eabi/5.4.1/armv7e-m/softfp/crtbegin.o
 .eh_frame      0x100831a8        0x4 c:/program files (x86)/gnu tools arm embedded/5.4 2016q3/bin/../lib/gcc/arm-none-eabi/5.4.1/armv7e-m/softfp/crtend.o

.glue_7         0x100831ac        0x0
 .glue_7        0x100831ac        0x0 linker stubs

.glue_7t        0x100831ac        0x0
 .glue_7t       0x100831ac        0x0 linker stubs

.vfp11_veneer   0x100831ac        0x0
 .vfp11_veneer  0x100831ac        0x0 linker stubs

.v4_bx          0x100831ac        0x0
 .v4_bx         0x100831ac        0x0 linker stubs

.iplt           0x100831ac        0x0
 .iplt          0x100831ac        0x0 c:/program files (x86)/gnu tools arm embedded/5.4 2016q3/bin/../lib/gcc/arm-none-eabi/5.4.1/armv7e-m/softfp/crtbegin.o

.ARM.extab
 *(.ARM.extab* .gnu.linkonce.armextab.*)
                0x100831ac                __exidx_start = .

.ARM.exidx
 *(.ARM.exidx* .gnu.linkonce.armexidx.*)
                0x100831ac                __exidx_end = .

.copy.table     0x100831ac       0x18
                0x100831ac                . = ALIGN (0x4)
                0x100831ac                __copy_table_start__ = .
                0x100831ac        0x4 LONG 0x10080000 __Vectors
                0x100831b0        0x4 LONG 0x8024000 __ram_vectors_start__
                0x100831b4        0x4 LONG 0x28c (__Vectors_End - __Vectors)
                0x100831b8        0x4 LONG 0x100831cc __etext
                0x100831bc        0x4 LONG 0x802428c __data_start__
                0x100831c0        0x4 LONG 0x584 (__data_end__ - __data_start__)
                0x100831c4                __copy_table_end__ = .

.zero.table     0x100831c4        0x8
                0x100831c4                . = ALIGN (0x4)
                0x100831c4                __zero_table_start__ = .
                0x100831c4        0x4 LONG 0x80248a4 __bss_start__
                0x100831c8        0x4 LONG 0x2b4 (__bss_end__ - __bss_start__)
                0x100831cc                __zero_table_end__ = .
                0x100831cc                __etext = .

.ramVectors     0x08024000      0x28c
                0x08024000                __ram_vectors_start__ = .
 *(.ram_vectors)
 .ram_vectors   0x08024000      0x28c .\CortexM4\ARM_GCC_Generic\Debug\startup_psoc6_01_cm4.o
                0x08024000                __ramVectors
                0x0802428c                __ram_vectors_end__ = .

.data           0x0802428c      0x584 load address 0x100831cc
                0x0802428c                __data_start__ = .
 *(vtable)
 *(.data*)
 .data          0x0802428c        0x4 .\CortexM4\ARM_GCC_Generic\Debug\main_cm4.o
                0x0802428c                upper_threshold
                0x0802428e                lower_threshold
 .data          0x08024290       0x1c .\CortexM4\ARM_GCC_Generic\Debug\system_psoc6_cm4.o
                0x08024290                cy_Hfclk0FreqHz
                0x08024294                cy_PeriClkFreqHz
                0x08024298                SystemCoreClock
                0x0802429c                cy_delayFreqHz
                0x080242a0                cy_delayFreqMhz
                0x080242a4                cy_delayFreqKhz
                0x080242a8                cy_delay32kMs
                0x080242ac                . = ALIGN (0x4)
                0x080242ac                PROVIDE (__preinit_array_start, .)
 *(.preinit_array)
                0x080242ac                PROVIDE (__preinit_array_end, .)
                0x080242ac                . = ALIGN (0x4)
                0x080242ac                PROVIDE (__init_array_start, .)
 *(SORT(.init_array.*))
 *(.init_array)
 .init_array    0x080242ac        0x4 c:/program files (x86)/gnu tools arm embedded/5.4 2016q3/bin/../lib/gcc/arm-none-eabi/5.4.1/armv7e-m/softfp/crtbegin.o
                0x080242b0                PROVIDE (__init_array_end, .)
                0x080242b0                . = ALIGN (0x4)
                [!provide]                PROVIDE (__fini_array_start, .)
 *(SORT(.fini_array.*))
 *(.fini_array)
 .fini_array    0x080242b0        0x4 c:/program files (x86)/gnu tools arm embedded/5.4 2016q3/bin/../lib/gcc/arm-none-eabi/5.4.1/armv7e-m/softfp/crtbegin.o
                [!provide]                PROVIDE (__fini_array_end, .)
 *(.jcr*)
 .jcr           0x080242b4        0x0 c:/program files (x86)/gnu tools arm embedded/5.4 2016q3/bin/../lib/gcc/arm-none-eabi/5.4.1/armv7e-m/softfp/crtbegin.o
 .jcr           0x080242b4        0x4 c:/program files (x86)/gnu tools arm embedded/5.4 2016q3/bin/../lib/gcc/arm-none-eabi/5.4.1/armv7e-m/softfp/crtend.o
                0x080242b8                . = ALIGN (0x4)
 *(.cy_ramfunc*)
 .cy_ramfunc    0x080242b8      0x300 .\CortexM4\ARM_GCC_Generic\Debug\cy_flash.o
                0x08024324                Cy_Flash_ResumeIrqHandler
 .cy_ramfunc    0x080245b8      0x218 .\CortexM4\ARM_GCC_Generic\Debug\cy_syspm.o
 .cy_ramfunc.__stub
                0x080247d0       0x40 linker stubs
                0x08024810                . = ALIGN (0x4)
                0x08024810                __data_end__ = .

.igot.plt       0x08024810        0x0 load address 0x10083750
 .igot.plt      0x08024810        0x0 c:/program files (x86)/gnu tools arm embedded/5.4 2016q3/bin/../lib/gcc/arm-none-eabi/5.4.1/armv7e-m/softfp/crtbegin.o

.noinit         0x08024810       0x94 load address 0x10083750
 *(.noinit)
 .noinit        0x08024810       0x94 .\CortexM4\ARM_GCC_Generic\Debug\cy_syslib.o
                0x08024810                cy_assertFileName
                0x08024828                cy_assertLine
                0x0802482c                cy_faultFrame

.bss            0x080248a4      0x2b4 load address 0x100837e4
                0x080248a4                . = ALIGN (0x4)
                0x080248a4                __bss_start__ = .
 *(.bss*)
 .bss           0x080248a4       0x1c c:/program files (x86)/gnu tools arm embedded/5.4 2016q3/bin/../lib/gcc/arm-none-eabi/5.4.1/armv7e-m/softfp/crtbegin.o
 .bss           0x080248c0      0x180 .\CortexM4\ARM_GCC_Generic\Debug\system_psoc6_cm4.o
 .bss           0x08024a40        0xc .\CortexM4\ARM_GCC_Generic\Debug\cy_ipc_sema.o
 .bss           0x08024a4c        0x4 .\CortexM4\ARM_GCC_Generic\Debug\cy_ipc_pipe.o
 .bss           0x08024a50       0x18 .\CortexM4\ARM_GCC_Generic\Debug\cy_flash.o
 .bss           0x08024a68       0x3c .\CortexM4\ARM_GCC_Generic\Debug\cy_syspm.o
 .bss           0x08024aa4        0x1 .\CortexM4\ARM_GCC_Generic\Debug\UART.o
                0x08024aa4                UART_initVar
 .bss           0x08024aa5        0x1 .\CortexM4\ARM_GCC_Generic\Debug\I2C_MPU6050.o
                0x08024aa5                I2C_MPU6050_initVar
 *(COMMON)
 *fill*         0x08024aa6        0x2 
 COMMON         0x08024aa8       0x28 .\CortexM4\ARM_GCC_Generic\Debug\main_cm4.o
                0x08024aa8                CAY
                0x08024aaa                CGZ
                0x08024aac                Breath_rate
                0x08024aae                CAX
                0x08024ab0                CGX
                0x08024ab4                buffer
                0x08024aca                CGY
                0x08024acc                devAddr
                0x08024ace                CAZ
 COMMON         0x08024ad0        0x4 .\CortexM4\ARM_GCC_Generic\Debug\cy_device.o
                0x08024ad0                cy_device
 COMMON         0x08024ad4       0x38 .\CortexM4\ARM_GCC_Generic\Debug\UART.o
                0x08024ad4                UART_context
 COMMON         0x08024b0c       0x4c .\CortexM4\ARM_GCC_Generic\Debug\I2C_MPU6050.o
                0x08024b0c                I2C_MPU6050_context
                0x08024b58                . = ALIGN (0x4)
                0x08024b58                __bss_end__ = .

.heap           0x08024b58      0x400
                0x08024b58                __HeapBase = .
                0x08024b58                __end__ = .
                0x08024b58                end = __end__
 *(.heap*)
 .heap          0x08024b58      0x400 .\CortexM4\ARM_GCC_Generic\Debug\startup_psoc6_01_cm4.o
                0x08024f58                __HeapLimit = .

.stack_dummy    0x08024b58     0x1000
 *(.stack*)
 .stack         0x08024b58     0x1000 .\CortexM4\ARM_GCC_Generic\Debug\startup_psoc6_01_cm4.o
                0x08047800                __StackTop = (ORIGIN (ram) + LENGTH (ram))
                0x08046800                __StackLimit = (__StackTop - SIZEOF (.stack_dummy))
                0x08047800                PROVIDE (__stack, __StackTop)
                0x00000001                ASSERT ((__StackLimit >= __HeapLimit), region RAM overflowed with stack)

.cy_app_signature
 *(.cy_app_signature)

.cy_em_eeprom
 *(.cy_em_eeprom)

.cy_sflash_user_data
 *(.cy_sflash_user_data)

.cy_sflash_nar
 *(.cy_sflash_nar)

.cy_sflash_public_key
 *(.cy_sflash_public_key)

.cy_toc_part2
 *(.cy_toc_part2)

.cy_rtoc_part2
 *(.cy_rtoc_part2)

.cy_xip
 *(.cy_xip)

.cy_efuse
 *(.cy_efuse)

.cymeta         0x90500000        0xc
 *(.cymeta)
 .cymeta        0x90500000        0xc .\CortexM4\ARM_GCC_Generic\Debug\cymetadata.o
                0x90500000                cy_metadata
                0x10000000                __cy_memory_0_start = 0x10000000
                0x00100000                __cy_memory_0_length = 0x100000
                0x00000200                __cy_memory_0_row_size = 0x200
                0x14000000                __cy_memory_1_start = 0x14000000
                0x00008000                __cy_memory_1_length = 0x8000
                0x00000200                __cy_memory_1_row_size = 0x200
                0x16000000                __cy_memory_2_start = 0x16000000
                0x00008000                __cy_memory_2_length = 0x8000
                0x00000200                __cy_memory_2_row_size = 0x200
                0x18000000                __cy_memory_3_start = 0x18000000
                0x08000000                __cy_memory_3_length = 0x8000000
                0x00000200                __cy_memory_3_row_size = 0x200
                0x90700000                __cy_memory_4_start = 0x90700000
                0x00100000                __cy_memory_4_length = 0x100000
                0x00000001                __cy_memory_4_row_size = 0x1
OUTPUT(C:\Users\Vishwas\Downloads\Chrome\Project___Dependencies (1)\Project + Dependencies\PSoC6_MPU6050.cydsn\CortexM4\ARM_GCC_Generic\Debug\PSoC6_MPU6050_link.elf elf32-littlearm)

.rel.dyn        0x08024b58        0x0 load address 0x9855ef4c
 .rel.iplt      0x08024b58        0x0 c:/program files (x86)/gnu tools arm embedded/5.4 2016q3/bin/../lib/gcc/arm-none-eabi/5.4.1/armv7e-m/softfp/crtbegin.o

.ARM.attributes
                0x00000000       0x2e
 .ARM.attributes
                0x00000000       0x22 c:/program files (x86)/gnu tools arm embedded/5.4 2016q3/bin/../lib/gcc/arm-none-eabi/5.4.1/armv7e-m/softfp/crti.o
 .ARM.attributes
                0x00000022       0x32 c:/program files (x86)/gnu tools arm embedded/5.4 2016q3/bin/../lib/gcc/arm-none-eabi/5.4.1/armv7e-m/softfp/crtbegin.o
 .ARM.attributes
                0x00000054       0x1f .\CortexM4\ARM_GCC_Generic\Debug\startup_psoc6_01_cm4.o
 .ARM.attributes
                0x00000073       0x37 .\CortexM4\ARM_GCC_Generic\Debug\main_cm4.o
 .ARM.attributes
                0x000000aa       0x37 .\CortexM4\ARM_GCC_Generic\Debug\i2cFunctions.o
 .ARM.attributes
                0x000000e1       0x37 .\CortexM4\ARM_GCC_Generic\Debug\mpu6050.o
 .ARM.attributes
                0x00000118       0x37 .\CortexM4\ARM_GCC_Generic\Debug\system_psoc6_cm4.o
 .ARM.attributes
                0x0000014f       0x37 .\CortexM4\ARM_GCC_Generic\Debug\cyfitter_sysint_cfg.o
 .ARM.attributes
                0x00000186       0x37 .\CortexM4\ARM_GCC_Generic\Debug\cymetadata.o
 .ARM.attributes
                0x000001bd       0x37 .\CortexM4\ARM_GCC_Generic\Debug\cy_sysint.o
 .ARM.attributes
                0x000001f4       0x37 .\CortexM4\ARM_GCC_Generic\Debug\cy_ipc_drv.o
 .ARM.attributes
                0x0000022b       0x37 .\CortexM4\ARM_GCC_Generic\Debug\cy_ipc_sema.o
 .ARM.attributes
                0x00000262       0x37 .\CortexM4\ARM_GCC_Generic\Debug\cy_ipc_pipe.o
 .ARM.attributes
                0x00000299       0x37 .\CortexM4\ARM_GCC_Generic\Debug\cy_scb_common.o
 .ARM.attributes
                0x000002d0       0x37 .\CortexM4\ARM_GCC_Generic\Debug\cy_scb_i2c.o
 .ARM.attributes
                0x00000307       0x37 .\CortexM4\ARM_GCC_Generic\Debug\cy_scb_uart.o
 .ARM.attributes
                0x0000033e       0x37 .\CortexM4\ARM_GCC_Generic\Debug\cy_flash.o
 .ARM.attributes
                0x00000375       0x37 .\CortexM4\ARM_GCC_Generic\Debug\cy_syspm.o
 .ARM.attributes
                0x000003ac       0x37 .\CortexM4\ARM_GCC_Generic\Debug\cy_syslib.o
 .ARM.attributes
                0x000003e3       0x25 .\CortexM4\ARM_GCC_Generic\Debug\cy_syslib_gcc.o
 .ARM.attributes
                0x00000408       0x37 .\CortexM4\ARM_GCC_Generic\Debug\cy_device.o
 .ARM.attributes
                0x0000043f       0x37 .\CortexM4\ARM_GCC_Generic\Debug\UART.o
 .ARM.attributes
                0x00000476       0x37 .\CortexM4\ARM_GCC_Generic\Debug\I2C_MPU6050.o
 .ARM.attributes
                0x000004ad       0x32 c:/program files (x86)/gnu tools arm embedded/5.4 2016q3/bin/../lib/gcc/arm-none-eabi/5.4.1/../../../../arm-none-eabi/lib/armv7e-m/softfp\libg_nano.a(lib_a-memset.o)
 .ARM.attributes
                0x000004df       0x32 c:/program files (x86)/gnu tools arm embedded/5.4 2016q3/bin/../lib/gcc/arm-none-eabi/5.4.1/../../../../arm-none-eabi/lib/armv7e-m/softfp\libg_nano.a(lib_a-strncpy.o)
 .ARM.attributes
                0x00000511       0x32 c:/program files (x86)/gnu tools arm embedded/5.4 2016q3/bin/../lib/gcc/arm-none-eabi/5.4.1/armv7e-m/softfp/crtend.o
 .ARM.attributes
                0x00000543       0x22 c:/program files (x86)/gnu tools arm embedded/5.4 2016q3/bin/../lib/gcc/arm-none-eabi/5.4.1/armv7e-m/softfp/crtn.o

.comment        0x00000000       0x6e
 .comment       0x00000000       0x6e .\CortexM4\ARM_GCC_Generic\Debug\main_cm4.o
                                 0x6f (size before relaxing)
 .comment       0x0000006e       0x6f .\CortexM4\ARM_GCC_Generic\Debug\i2cFunctions.o
 .comment       0x0000006e       0x6f .\CortexM4\ARM_GCC_Generic\Debug\mpu6050.o
 .comment       0x0000006e       0x6f .\CortexM4\ARM_GCC_Generic\Debug\system_psoc6_cm4.o
 .comment       0x0000006e       0x6f .\CortexM4\ARM_GCC_Generic\Debug\cyfitter_sysint_cfg.o
 .comment       0x0000006e       0x6f .\CortexM4\ARM_GCC_Generic\Debug\cymetadata.o
 .comment       0x0000006e       0x6f .\CortexM4\ARM_GCC_Generic\Debug\cy_sysint.o
 .comment       0x0000006e       0x6f .\CortexM4\ARM_GCC_Generic\Debug\cy_ipc_drv.o
 .comment       0x0000006e       0x6f .\CortexM4\ARM_GCC_Generic\Debug\cy_ipc_sema.o
 .comment       0x0000006e       0x6f .\CortexM4\ARM_GCC_Generic\Debug\cy_ipc_pipe.o
 .comment       0x0000006e       0x6f .\CortexM4\ARM_GCC_Generic\Debug\cy_scb_common.o
 .comment       0x0000006e       0x6f .\CortexM4\ARM_GCC_Generic\Debug\cy_scb_i2c.o
 .comment       0x0000006e       0x6f .\CortexM4\ARM_GCC_Generic\Debug\cy_scb_uart.o
 .comment       0x0000006e       0x6f .\CortexM4\ARM_GCC_Generic\Debug\cy_flash.o
 .comment       0x0000006e       0x6f .\CortexM4\ARM_GCC_Generic\Debug\cy_syspm.o
 .comment       0x0000006e       0x6f .\CortexM4\ARM_GCC_Generic\Debug\cy_syslib.o
 .comment       0x0000006e       0x6f .\CortexM4\ARM_GCC_Generic\Debug\cy_device.o
 .comment       0x0000006e       0x6f .\CortexM4\ARM_GCC_Generic\Debug\UART.o
 .comment       0x0000006e       0x6f .\CortexM4\ARM_GCC_Generic\Debug\I2C_MPU6050.o

.debug_line     0x00000000     0x6f0c
 .debug_line    0x00000000       0x8e .\CortexM4\ARM_GCC_Generic\Debug\startup_psoc6_01_cm4.o
 .debug_line    0x0000008e      0x321 .\CortexM4\ARM_GCC_Generic\Debug\main_cm4.o
 .debug_line    0x000003af      0x3dd .\CortexM4\ARM_GCC_Generic\Debug\i2cFunctions.o
 .debug_line    0x0000078c     0x13d1 .\CortexM4\ARM_GCC_Generic\Debug\mpu6050.o
 .debug_line    0x00001b5d      0x401 .\CortexM4\ARM_GCC_Generic\Debug\system_psoc6_cm4.o
 .debug_line    0x00001f5e      0x21d .\CortexM4\ARM_GCC_Generic\Debug\cyfitter_sysint_cfg.o
 .debug_line    0x0000217b      0x10f .\CortexM4\ARM_GCC_Generic\Debug\cymetadata.o
 .debug_line    0x0000228a      0x2a9 .\CortexM4\ARM_GCC_Generic\Debug\cy_sysint.o
 .debug_line    0x00002533      0x30c .\CortexM4\ARM_GCC_Generic\Debug\cy_ipc_drv.o
 .debug_line    0x0000283f      0x3d5 .\CortexM4\ARM_GCC_Generic\Debug\cy_ipc_sema.o
 .debug_line    0x00002c14      0x54a .\CortexM4\ARM_GCC_Generic\Debug\cy_ipc_pipe.o
 .debug_line    0x0000315e      0x4a7 .\CortexM4\ARM_GCC_Generic\Debug\cy_scb_common.o
 .debug_line    0x00003605     0x10f6 .\CortexM4\ARM_GCC_Generic\Debug\cy_scb_i2c.o
 .debug_line    0x000046fb      0xa2d .\CortexM4\ARM_GCC_Generic\Debug\cy_scb_uart.o
 .debug_line    0x00005128      0x7a0 .\CortexM4\ARM_GCC_Generic\Debug\cy_flash.o
 .debug_line    0x000058c8      0xa28 .\CortexM4\ARM_GCC_Generic\Debug\cy_syspm.o
 .debug_line    0x000062f0      0x437 .\CortexM4\ARM_GCC_Generic\Debug\cy_syslib.o
 .debug_line    0x00006727       0x89 .\CortexM4\ARM_GCC_Generic\Debug\cy_syslib_gcc.o
 .debug_line    0x000067b0      0x14c .\CortexM4\ARM_GCC_Generic\Debug\cy_device.o
 .debug_line    0x000068fc      0x300 .\CortexM4\ARM_GCC_Generic\Debug\UART.o
 .debug_line    0x00006bfc      0x310 .\CortexM4\ARM_GCC_Generic\Debug\I2C_MPU6050.o

.debug_info     0x00000000    0x2007d
 .debug_info    0x00000000       0xab .\CortexM4\ARM_GCC_Generic\Debug\startup_psoc6_01_cm4.o
 .debug_info    0x000000ab     0x119f .\CortexM4\ARM_GCC_Generic\Debug\main_cm4.o
 .debug_info    0x0000124a     0x155e .\CortexM4\ARM_GCC_Generic\Debug\i2cFunctions.o
 .debug_info    0x000027a8     0x3fc8 .\CortexM4\ARM_GCC_Generic\Debug\mpu6050.o
 .debug_info    0x00006770     0x1ba2 .\CortexM4\ARM_GCC_Generic\Debug\system_psoc6_cm4.o
 .debug_info    0x00008312      0x95b .\CortexM4\ARM_GCC_Generic\Debug\cyfitter_sysint_cfg.o
 .debug_info    0x00008c6d       0xac .\CortexM4\ARM_GCC_Generic\Debug\cymetadata.o
 .debug_info    0x00008d19      0xe11 .\CortexM4\ARM_GCC_Generic\Debug\cy_sysint.o
 .debug_info    0x00009b2a      0x906 .\CortexM4\ARM_GCC_Generic\Debug\cy_ipc_drv.o
 .debug_info    0x0000a430      0xc1e .\CortexM4\ARM_GCC_Generic\Debug\cy_ipc_sema.o
 .debug_info    0x0000b04e     0x1952 .\CortexM4\ARM_GCC_Generic\Debug\cy_ipc_pipe.o
 .debug_info    0x0000c9a0     0x11b0 .\CortexM4\ARM_GCC_Generic\Debug\cy_scb_common.o
 .debug_info    0x0000db50     0x3ee5 .\CortexM4\ARM_GCC_Generic\Debug\cy_scb_i2c.o
 .debug_info    0x00011a35     0x29bc .\CortexM4\ARM_GCC_Generic\Debug\cy_scb_uart.o
 .debug_info    0x000143f1     0x2a10 .\CortexM4\ARM_GCC_Generic\Debug\cy_flash.o
 .debug_info    0x00016e01     0x4014 .\CortexM4\ARM_GCC_Generic\Debug\cy_syspm.o
 .debug_info    0x0001ae15     0x24fa .\CortexM4\ARM_GCC_Generic\Debug\cy_syslib.o
 .debug_info    0x0001d30f       0xd9 .\CortexM4\ARM_GCC_Generic\Debug\cy_syslib_gcc.o
 .debug_info    0x0001d3e8      0x551 .\CortexM4\ARM_GCC_Generic\Debug\cy_device.o
 .debug_info    0x0001d939     0x13db .\CortexM4\ARM_GCC_Generic\Debug\UART.o
 .debug_info    0x0001ed14     0x1369 .\CortexM4\ARM_GCC_Generic\Debug\I2C_MPU6050.o

.debug_abbrev   0x00000000     0x2ab1
 .debug_abbrev  0x00000000       0x14 .\CortexM4\ARM_GCC_Generic\Debug\startup_psoc6_01_cm4.o
 .debug_abbrev  0x00000014      0x235 .\CortexM4\ARM_GCC_Generic\Debug\main_cm4.o
 .debug_abbrev  0x00000249      0x24a .\CortexM4\ARM_GCC_Generic\Debug\i2cFunctions.o
 .debug_abbrev  0x00000493      0x1c7 .\CortexM4\ARM_GCC_Generic\Debug\mpu6050.o
 .debug_abbrev  0x0000065a      0x23a .\CortexM4\ARM_GCC_Generic\Debug\system_psoc6_cm4.o
 .debug_abbrev  0x00000894       0xe3 .\CortexM4\ARM_GCC_Generic\Debug\cyfitter_sysint_cfg.o
 .debug_abbrev  0x00000977       0x5d .\CortexM4\ARM_GCC_Generic\Debug\cymetadata.o
 .debug_abbrev  0x000009d4      0x230 .\CortexM4\ARM_GCC_Generic\Debug\cy_sysint.o
 .debug_abbrev  0x00000c04      0x188 .\CortexM4\ARM_GCC_Generic\Debug\cy_ipc_drv.o
 .debug_abbrev  0x00000d8c      0x219 .\CortexM4\ARM_GCC_Generic\Debug\cy_ipc_sema.o
 .debug_abbrev  0x00000fa5      0x32b .\CortexM4\ARM_GCC_Generic\Debug\cy_ipc_pipe.o
 .debug_abbrev  0x000012d0      0x294 .\CortexM4\ARM_GCC_Generic\Debug\cy_scb_common.o
 .debug_abbrev  0x00001564      0x37f .\CortexM4\ARM_GCC_Generic\Debug\cy_scb_i2c.o
 .debug_abbrev  0x000018e3      0x332 .\CortexM4\ARM_GCC_Generic\Debug\cy_scb_uart.o
 .debug_abbrev  0x00001c15      0x356 .\CortexM4\ARM_GCC_Generic\Debug\cy_flash.o
 .debug_abbrev  0x00001f6b      0x320 .\CortexM4\ARM_GCC_Generic\Debug\cy_syspm.o
 .debug_abbrev  0x0000228b      0x337 .\CortexM4\ARM_GCC_Generic\Debug\cy_syslib.o
 .debug_abbrev  0x000025c2       0x14 .\CortexM4\ARM_GCC_Generic\Debug\cy_syslib_gcc.o
 .debug_abbrev  0x000025d6       0x9d .\CortexM4\ARM_GCC_Generic\Debug\cy_device.o
 .debug_abbrev  0x00002673      0x21d .\CortexM4\ARM_GCC_Generic\Debug\UART.o
 .debug_abbrev  0x00002890      0x221 .\CortexM4\ARM_GCC_Generic\Debug\I2C_MPU6050.o

.debug_aranges  0x00000000      0xfc0
 .debug_aranges
                0x00000000       0x20 .\CortexM4\ARM_GCC_Generic\Debug\startup_psoc6_01_cm4.o
 .debug_aranges
                0x00000020       0x20 .\CortexM4\ARM_GCC_Generic\Debug\main_cm4.o
 .debug_aranges
                0x00000040       0x60 .\CortexM4\ARM_GCC_Generic\Debug\i2cFunctions.o
 .debug_aranges
                0x000000a0      0x838 .\CortexM4\ARM_GCC_Generic\Debug\mpu6050.o
 .debug_aranges
                0x000008d8       0x40 .\CortexM4\ARM_GCC_Generic\Debug\system_psoc6_cm4.o
 .debug_aranges
                0x00000918       0x18 .\CortexM4\ARM_GCC_Generic\Debug\cyfitter_sysint_cfg.o
 .debug_aranges
                0x00000930       0x18 .\CortexM4\ARM_GCC_Generic\Debug\cymetadata.o
 .debug_aranges
                0x00000948       0x30 .\CortexM4\ARM_GCC_Generic\Debug\cy_sysint.o
 .debug_aranges
                0x00000978       0x30 .\CortexM4\ARM_GCC_Generic\Debug\cy_ipc_drv.o
 .debug_aranges
                0x000009a8       0x48 .\CortexM4\ARM_GCC_Generic\Debug\cy_ipc_sema.o
 .debug_aranges
                0x000009f0       0x68 .\CortexM4\ARM_GCC_Generic\Debug\cy_ipc_pipe.o
 .debug_aranges
                0x00000a58       0x68 .\CortexM4\ARM_GCC_Generic\Debug\cy_scb_common.o
 .debug_aranges
                0x00000ac0      0x160 .\CortexM4\ARM_GCC_Generic\Debug\cy_scb_i2c.o
 .debug_aranges
                0x00000c20       0xc8 .\CortexM4\ARM_GCC_Generic\Debug\cy_scb_uart.o
 .debug_aranges
                0x00000ce8       0xb8 .\CortexM4\ARM_GCC_Generic\Debug\cy_flash.o
 .debug_aranges
                0x00000da0      0x118 .\CortexM4\ARM_GCC_Generic\Debug\cy_syspm.o
 .debug_aranges
                0x00000eb8       0x78 .\CortexM4\ARM_GCC_Generic\Debug\cy_syslib.o
 .debug_aranges
                0x00000f30       0x20 .\CortexM4\ARM_GCC_Generic\Debug\cy_syslib_gcc.o
 .debug_aranges
                0x00000f50       0x20 .\CortexM4\ARM_GCC_Generic\Debug\cy_device.o
 .debug_aranges
                0x00000f70       0x28 .\CortexM4\ARM_GCC_Generic\Debug\UART.o
 .debug_aranges
                0x00000f98       0x28 .\CortexM4\ARM_GCC_Generic\Debug\I2C_MPU6050.o

.debug_loc      0x00000000     0xa14c
 .debug_loc     0x00000000      0x309 .\CortexM4\ARM_GCC_Generic\Debug\main_cm4.o
 .debug_loc     0x00000309      0x710 .\CortexM4\ARM_GCC_Generic\Debug\i2cFunctions.o
 .debug_loc     0x00000a19     0x1907 .\CortexM4\ARM_GCC_Generic\Debug\mpu6050.o
 .debug_loc     0x00002320      0x1f7 .\CortexM4\ARM_GCC_Generic\Debug\system_psoc6_cm4.o
 .debug_loc     0x00002517      0x223 .\CortexM4\ARM_GCC_Generic\Debug\cy_sysint.o
 .debug_loc     0x0000273a      0x2a1 .\CortexM4\ARM_GCC_Generic\Debug\cy_ipc_drv.o
 .debug_loc     0x000029db      0x76b .\CortexM4\ARM_GCC_Generic\Debug\cy_ipc_sema.o
 .debug_loc     0x00003146      0x7e2 .\CortexM4\ARM_GCC_Generic\Debug\cy_ipc_pipe.o
 .debug_loc     0x00003928      0x588 .\CortexM4\ARM_GCC_Generic\Debug\cy_scb_common.o
 .debug_loc     0x00003eb0     0x308b .\CortexM4\ARM_GCC_Generic\Debug\cy_scb_i2c.o
 .debug_loc     0x00006f3b     0x1386 .\CortexM4\ARM_GCC_Generic\Debug\cy_scb_uart.o
 .debug_loc     0x000082c1      0xd86 .\CortexM4\ARM_GCC_Generic\Debug\cy_flash.o
 .debug_loc     0x00009047      0xe9a .\CortexM4\ARM_GCC_Generic\Debug\cy_syspm.o
 .debug_loc     0x00009ee1      0x215 .\CortexM4\ARM_GCC_Generic\Debug\cy_syslib.o
 .debug_loc     0x0000a0f6       0x2b .\CortexM4\ARM_GCC_Generic\Debug\UART.o
 .debug_loc     0x0000a121       0x2b .\CortexM4\ARM_GCC_Generic\Debug\I2C_MPU6050.o

.debug_ranges   0x00000000      0xf10
 .debug_ranges  0x00000000       0x10 .\CortexM4\ARM_GCC_Generic\Debug\main_cm4.o
 .debug_ranges  0x00000010       0x50 .\CortexM4\ARM_GCC_Generic\Debug\i2cFunctions.o
 .debug_ranges  0x00000060      0x828 .\CortexM4\ARM_GCC_Generic\Debug\mpu6050.o
 .debug_ranges  0x00000888       0x48 .\CortexM4\ARM_GCC_Generic\Debug\system_psoc6_cm4.o
 .debug_ranges  0x000008d0       0x20 .\CortexM4\ARM_GCC_Generic\Debug\cy_sysint.o
 .debug_ranges  0x000008f0       0x20 .\CortexM4\ARM_GCC_Generic\Debug\cy_ipc_drv.o
 .debug_ranges  0x00000910       0x38 .\CortexM4\ARM_GCC_Generic\Debug\cy_ipc_sema.o
 .debug_ranges  0x00000948       0x58 .\CortexM4\ARM_GCC_Generic\Debug\cy_ipc_pipe.o
 .debug_ranges  0x000009a0       0x88 .\CortexM4\ARM_GCC_Generic\Debug\cy_scb_common.o
 .debug_ranges  0x00000a28      0x168 .\CortexM4\ARM_GCC_Generic\Debug\cy_scb_i2c.o
 .debug_ranges  0x00000b90       0xd0 .\CortexM4\ARM_GCC_Generic\Debug\cy_scb_uart.o
 .debug_ranges  0x00000c60       0xd0 .\CortexM4\ARM_GCC_Generic\Debug\cy_flash.o
 .debug_ranges  0x00000d30      0x138 .\CortexM4\ARM_GCC_Generic\Debug\cy_syspm.o
 .debug_ranges  0x00000e68       0x68 .\CortexM4\ARM_GCC_Generic\Debug\cy_syslib.o
 .debug_ranges  0x00000ed0       0x10 .\CortexM4\ARM_GCC_Generic\Debug\cy_device.o
 .debug_ranges  0x00000ee0       0x18 .\CortexM4\ARM_GCC_Generic\Debug\UART.o
 .debug_ranges  0x00000ef8       0x18 .\CortexM4\ARM_GCC_Generic\Debug\I2C_MPU6050.o

.debug_str      0x00000000     0x918d
 .debug_str     0x00000000      0xdd3 .\CortexM4\ARM_GCC_Generic\Debug\main_cm4.o
                                0xe63 (size before relaxing)
 .debug_str     0x00000dd3      0x350 .\CortexM4\ARM_GCC_Generic\Debug\i2cFunctions.o
                               0x10e6 (size before relaxing)
 .debug_str     0x00001123     0x1c6d .\CortexM4\ARM_GCC_Generic\Debug\mpu6050.o
                               0x1f44 (size before relaxing)
 .debug_str     0x00002d90     0x1b20 .\CortexM4\ARM_GCC_Generic\Debug\system_psoc6_cm4.o
                               0x23ec (size before relaxing)
 .debug_str     0x000048b0       0x7b .\CortexM4\ARM_GCC_Generic\Debug\cyfitter_sysint_cfg.o
                               0x17ec (size before relaxing)
 .debug_str     0x0000492b       0x30 .\CortexM4\ARM_GCC_Generic\Debug\cymetadata.o
                                0x1ea (size before relaxing)
 .debug_str     0x0000495b      0x14e .\CortexM4\ARM_GCC_Generic\Debug\cy_sysint.o
                               0x198b (size before relaxing)
 .debug_str     0x00004aa9      0x191 .\CortexM4\ARM_GCC_Generic\Debug\cy_ipc_drv.o
                                0x9ab (size before relaxing)
 .debug_str     0x00004c3a      0x26f .\CortexM4\ARM_GCC_Generic\Debug\cy_ipc_sema.o
                                0xb98 (size before relaxing)
 .debug_str     0x00004ea9      0x48f .\CortexM4\ARM_GCC_Generic\Debug\cy_ipc_pipe.o
                               0x20ba (size before relaxing)
 .debug_str     0x00005338      0x1e4 .\CortexM4\ARM_GCC_Generic\Debug\cy_scb_common.o
                                0xcd4 (size before relaxing)
 .debug_str     0x0000551c      0xb1c .\CortexM4\ARM_GCC_Generic\Debug\cy_scb_i2c.o
                               0x1b06 (size before relaxing)
 .debug_str     0x00006038      0x730 .\CortexM4\ARM_GCC_Generic\Debug\cy_scb_uart.o
                               0x1704 (size before relaxing)
 .debug_str     0x00006768      0xcf9 .\CortexM4\ARM_GCC_Generic\Debug\cy_flash.o
                               0x2de9 (size before relaxing)
 .debug_str     0x00007461     0x170f .\CortexM4\ARM_GCC_Generic\Debug\cy_syspm.o
                               0x2ba5 (size before relaxing)
 .debug_str     0x00008b70      0x527 .\CortexM4\ARM_GCC_Generic\Debug\cy_syslib.o
                               0x1cde (size before relaxing)
 .debug_str     0x00009097       0x5d .\CortexM4\ARM_GCC_Generic\Debug\cy_device.o
                                0x7f8 (size before relaxing)
 .debug_str     0x000090f4       0x37 .\CortexM4\ARM_GCC_Generic\Debug\UART.o
                               0x202b (size before relaxing)
 .debug_str     0x0000912b       0x62 .\CortexM4\ARM_GCC_Generic\Debug\I2C_MPU6050.o
                               0x1ee3 (size before relaxing)

.debug_frame    0x00000000     0x3384
 .debug_frame   0x00000000       0x2c .\CortexM4\ARM_GCC_Generic\Debug\main_cm4.o
 .debug_frame   0x0000002c      0x154 .\CortexM4\ARM_GCC_Generic\Debug\i2cFunctions.o
 .debug_frame   0x00000180     0x1d98 .\CortexM4\ARM_GCC_Generic\Debug\mpu6050.o
 .debug_frame   0x00001f18       0x84 .\CortexM4\ARM_GCC_Generic\Debug\system_psoc6_cm4.o
 .debug_frame   0x00001f9c       0x7c .\CortexM4\ARM_GCC_Generic\Debug\cy_sysint.o
 .debug_frame   0x00002018       0x70 .\CortexM4\ARM_GCC_Generic\Debug\cy_ipc_drv.o
 .debug_frame   0x00002088       0xd8 .\CortexM4\ARM_GCC_Generic\Debug\cy_ipc_sema.o
 .debug_frame   0x00002160      0x164 .\CortexM4\ARM_GCC_Generic\Debug\cy_ipc_pipe.o
 .debug_frame   0x000022c4      0x12c .\CortexM4\ARM_GCC_Generic\Debug\cy_scb_common.o
 .debug_frame   0x000023f0      0x4c0 .\CortexM4\ARM_GCC_Generic\Debug\cy_scb_i2c.o
 .debug_frame   0x000028b0      0x27c .\CortexM4\ARM_GCC_Generic\Debug\cy_scb_uart.o
 .debug_frame   0x00002b2c      0x258 .\CortexM4\ARM_GCC_Generic\Debug\cy_flash.o
 .debug_frame   0x00002d84      0x3dc .\CortexM4\ARM_GCC_Generic\Debug\cy_syspm.o
 .debug_frame   0x00003160      0x12c .\CortexM4\ARM_GCC_Generic\Debug\cy_syslib.o
 .debug_frame   0x0000328c       0x20 .\CortexM4\ARM_GCC_Generic\Debug\cy_device.o
 .debug_frame   0x000032ac       0x48 .\CortexM4\ARM_GCC_Generic\Debug\UART.o
 .debug_frame   0x000032f4       0x48 .\CortexM4\ARM_GCC_Generic\Debug\I2C_MPU6050.o
 .debug_frame   0x0000333c       0x20 c:/program files (x86)/gnu tools arm embedded/5.4 2016q3/bin/../lib/gcc/arm-none-eabi/5.4.1/../../../../arm-none-eabi/lib/armv7e-m/softfp\libg_nano.a(lib_a-memset.o)
 .debug_frame   0x0000335c       0x28 c:/program files (x86)/gnu tools arm embedded/5.4 2016q3/bin/../lib/gcc/arm-none-eabi/5.4.1/../../../../arm-none-eabi/lib/armv7e-m/softfp\libg_nano.a(lib_a-strncpy.o)
