Archive member included to satisfy reference by file (symbol)

c:/program files (x86)/gnu tools arm embedded/5.4 2016q3/bin/../lib/gcc/arm-none-eabi/5.4.1/armv6-m\libgcc.a(_udivsi3.o)
                              .\CortexM0p\ARM_GCC_Generic\Debug\system_psoc6_cm0plus.o (__aeabi_uidiv)
c:/program files (x86)/gnu tools arm embedded/5.4 2016q3/bin/../lib/gcc/arm-none-eabi/5.4.1/armv6-m\libgcc.a(_dvmd_tls.o)
                              c:/program files (x86)/gnu tools arm embedded/5.4 2016q3/bin/../lib/gcc/arm-none-eabi/5.4.1/armv6-m\libgcc.a(_udivsi3.o) (__aeabi_idiv0)
c:/program files (x86)/gnu tools arm embedded/5.4 2016q3/bin/../lib/gcc/arm-none-eabi/5.4.1/armv6-m\libgcc.a(_arm_cmpsf2.o)
                              .\CortexM0p\ARM_GCC_Generic\Debug\cy_sysclk.o (__aeabi_fcmplt)
c:/program files (x86)/gnu tools arm embedded/5.4 2016q3/bin/../lib/gcc/arm-none-eabi/5.4.1/armv6-m\libgcc.a(_aeabi_uldivmod.o)
                              .\CortexM0p\ARM_GCC_Generic\Debug\cy_sysclk.o (__aeabi_uldivmod)
c:/program files (x86)/gnu tools arm embedded/5.4 2016q3/bin/../lib/gcc/arm-none-eabi/5.4.1/armv6-m\libgcc.a(_muldi3.o)
                              .\CortexM0p\ARM_GCC_Generic\Debug\cy_sysclk.o (__aeabi_lmul)
c:/program files (x86)/gnu tools arm embedded/5.4 2016q3/bin/../lib/gcc/arm-none-eabi/5.4.1/armv6-m\libgcc.a(_fixunssfsi.o)
                              .\CortexM0p\ARM_GCC_Generic\Debug\cy_sysclk.o (__aeabi_f2uiz)
c:/program files (x86)/gnu tools arm embedded/5.4 2016q3/bin/../lib/gcc/arm-none-eabi/5.4.1/armv6-m\libgcc.a(_fixunsdfsi.o)
                              .\CortexM0p\ARM_GCC_Generic\Debug\cy_sysclk.o (__aeabi_d2uiz)
c:/program files (x86)/gnu tools arm embedded/5.4 2016q3/bin/../lib/gcc/arm-none-eabi/5.4.1/armv6-m\libgcc.a(_udivmoddi4.o)
                              c:/program files (x86)/gnu tools arm embedded/5.4 2016q3/bin/../lib/gcc/arm-none-eabi/5.4.1/armv6-m\libgcc.a(_aeabi_uldivmod.o) (__udivmoddi4)
c:/program files (x86)/gnu tools arm embedded/5.4 2016q3/bin/../lib/gcc/arm-none-eabi/5.4.1/armv6-m\libgcc.a(addsf3.o)
                              .\CortexM0p\ARM_GCC_Generic\Debug\cy_sysclk.o (__aeabi_fadd)
c:/program files (x86)/gnu tools arm embedded/5.4 2016q3/bin/../lib/gcc/arm-none-eabi/5.4.1/armv6-m\libgcc.a(divsf3.o)
                              .\CortexM0p\ARM_GCC_Generic\Debug\cy_sysclk.o (__aeabi_fdiv)
c:/program files (x86)/gnu tools arm embedded/5.4 2016q3/bin/../lib/gcc/arm-none-eabi/5.4.1/armv6-m\libgcc.a(eqsf2.o)
                              c:/program files (x86)/gnu tools arm embedded/5.4 2016q3/bin/../lib/gcc/arm-none-eabi/5.4.1/armv6-m\libgcc.a(_arm_cmpsf2.o) (__eqsf2)
c:/program files (x86)/gnu tools arm embedded/5.4 2016q3/bin/../lib/gcc/arm-none-eabi/5.4.1/armv6-m\libgcc.a(gesf2.o)
                              c:/program files (x86)/gnu tools arm embedded/5.4 2016q3/bin/../lib/gcc/arm-none-eabi/5.4.1/armv6-m\libgcc.a(_arm_cmpsf2.o) (__gesf2)
c:/program files (x86)/gnu tools arm embedded/5.4 2016q3/bin/../lib/gcc/arm-none-eabi/5.4.1/armv6-m\libgcc.a(lesf2.o)
                              c:/program files (x86)/gnu tools arm embedded/5.4 2016q3/bin/../lib/gcc/arm-none-eabi/5.4.1/armv6-m\libgcc.a(_arm_cmpsf2.o) (__lesf2)
c:/program files (x86)/gnu tools arm embedded/5.4 2016q3/bin/../lib/gcc/arm-none-eabi/5.4.1/armv6-m\libgcc.a(mulsf3.o)
                              .\CortexM0p\ARM_GCC_Generic\Debug\cy_sysclk.o (__aeabi_fmul)
c:/program files (x86)/gnu tools arm embedded/5.4 2016q3/bin/../lib/gcc/arm-none-eabi/5.4.1/armv6-m\libgcc.a(subsf3.o)
                              .\CortexM0p\ARM_GCC_Generic\Debug\cy_sysclk.o (__aeabi_fsub)
c:/program files (x86)/gnu tools arm embedded/5.4 2016q3/bin/../lib/gcc/arm-none-eabi/5.4.1/armv6-m\libgcc.a(fixsfsi.o)
                              c:/program files (x86)/gnu tools arm embedded/5.4 2016q3/bin/../lib/gcc/arm-none-eabi/5.4.1/armv6-m\libgcc.a(_fixunssfsi.o) (__aeabi_f2iz)
c:/program files (x86)/gnu tools arm embedded/5.4 2016q3/bin/../lib/gcc/arm-none-eabi/5.4.1/armv6-m\libgcc.a(floatunsisf.o)
                              .\CortexM0p\ARM_GCC_Generic\Debug\cy_sysclk.o (__aeabi_ui2f)
c:/program files (x86)/gnu tools arm embedded/5.4 2016q3/bin/../lib/gcc/arm-none-eabi/5.4.1/armv6-m\libgcc.a(divdf3.o)
                              .\CortexM0p\ARM_GCC_Generic\Debug\cy_sysclk.o (__aeabi_ddiv)
c:/program files (x86)/gnu tools arm embedded/5.4 2016q3/bin/../lib/gcc/arm-none-eabi/5.4.1/armv6-m\libgcc.a(subdf3.o)
                              c:/program files (x86)/gnu tools arm embedded/5.4 2016q3/bin/../lib/gcc/arm-none-eabi/5.4.1/armv6-m\libgcc.a(_fixunsdfsi.o) (__aeabi_dsub)
c:/program files (x86)/gnu tools arm embedded/5.4 2016q3/bin/../lib/gcc/arm-none-eabi/5.4.1/armv6-m\libgcc.a(fixdfsi.o)
                              c:/program files (x86)/gnu tools arm embedded/5.4 2016q3/bin/../lib/gcc/arm-none-eabi/5.4.1/armv6-m\libgcc.a(_fixunsdfsi.o) (__aeabi_d2iz)
[...]
Memory Configuration

Name             Origin             Length             Attributes
ram              0x08000000         0x00024000         xrw
flash            0x10000000         0x00080000         xr
em_eeprom        0x14000000         0x00008000         xr
sflash_user_data 0x16000800         0x00000800         xr
sflash_nar       0x16001a00         0x00000200         xr
sflash_public_key 0x16005a00         0x00000c00         xr
sflash_toc_2     0x16007c00         0x00000200         xr
sflash_rtoc_2    0x16007e00         0x00000200         xr
xip              0x18000000         0x08000000         xr
efuse            0x90700000         0x00100000         r
*default*        0x00000000         0xffffffff

Linker script and memory map

LOAD c:/program files (x86)/gnu tools arm embedded/5.4 2016q3/bin/../lib/gcc/arm-none-eabi/5.4.1/armv6-m/crti.o
LOAD c:/program files (x86)/gnu tools arm embedded/5.4 2016q3/bin/../lib/gcc/arm-none-eabi/5.4.1/armv6-m/crtbegin.o
LOAD c:/program files (x86)/gnu tools arm embedded/5.4 2016q3/bin/../lib/gcc/arm-none-eabi/5.4.1/../../../../arm-none-eabi/lib/armv6-m/crt0.o
START GROUP
LOAD .\CortexM0p\ARM_GCC_Generic\Debug\startup_psoc6_01_cm0plus.o
LOAD .\CortexM0p\ARM_GCC_Generic\Debug\main_cm0p.o
LOAD .\CortexM0p\ARM_GCC_Generic\Debug\system_psoc6_cm0plus.o
LOAD .\CortexM0p\ARM_GCC_Generic\Debug\cyfitter_sysint_cfg.o
LOAD .\CortexM0p\ARM_GCC_Generic\Debug\cyfitter_cfg.o
LOAD .\CortexM0p\ARM_GCC_Generic\Debug\cymetadata.o
LOAD .\CortexM0p\ARM_GCC_Generic\Debug\cy_sysint.o
LOAD .\CortexM0p\ARM_GCC_Generic\Debug\cy_ipc_drv.o
LOAD .\CortexM0p\ARM_GCC_Generic\Debug\cy_ipc_sema.o
LOAD .\CortexM0p\ARM_GCC_Generic\Debug\cy_ipc_pipe.o
LOAD .\CortexM0p\ARM_GCC_Generic\Debug\cy_sysclk.o
LOAD .\CortexM0p\ARM_GCC_Generic\Debug\cy_wdt.o
LOAD .\CortexM0p\ARM_GCC_Generic\Debug\cy_scb_common.o
LOAD .\CortexM0p\ARM_GCC_Generic\Debug\cy_scb_i2c.o
LOAD .\CortexM0p\ARM_GCC_Generic\Debug\cy_scb_ezi2c.o
LOAD .\CortexM0p\ARM_GCC_Generic\Debug\cy_scb_spi.o
LOAD .\CortexM0p\ARM_GCC_Generic\Debug\cy_scb_uart.o
LOAD .\CortexM0p\ARM_GCC_Generic\Debug\cy_efuse.o
LOAD .\CortexM0p\ARM_GCC_Generic\Debug\cy_flash.o
LOAD .\CortexM0p\ARM_GCC_Generic\Debug\cy_gpio.o
LOAD .\CortexM0p\ARM_GCC_Generic\Debug\cy_sysanalog.o
LOAD .\CortexM0p\ARM_GCC_Generic\Debug\cy_syspm.o
LOAD .\CortexM0p\ARM_GCC_Generic\Debug\cy_syslib.o
LOAD .\CortexM0p\ARM_GCC_Generic\Debug\cy_syslib_gcc.o
LOAD .\CortexM0p\ARM_GCC_Generic\Debug\cy_trigmux.o
LOAD .\CortexM0p\ARM_GCC_Generic\Debug\cy_systick.o
LOAD .\CortexM0p\ARM_GCC_Generic\Debug\cy_profile.o
LOAD .\CortexM0p\ARM_GCC_Generic\Debug\cy_prot.o
LOAD .\CortexM0p\ARM_GCC_Generic\Debug\cy_lvd.o
LOAD .\CortexM0p\ARM_GCC_Generic\Debug\cy_device.o
LOAD .\CortexM0p\ARM_GCC_Generic\Debug\UART.o
LOAD .\CortexM0p\ARM_GCC_Generic\Debug\I2C_MPU6050.o
END GROUP
START GROUP
LOAD c:/program files (x86)/gnu tools arm embedded/5.4 2016q3/bin/../lib/gcc/arm-none-eabi/5.4.1/armv6-m\libgcc.a
LOAD c:/program files (x86)/gnu tools arm embedded/5.4 2016q3/bin/../lib/gcc/arm-none-eabi/5.4.1/../../../../arm-none-eabi/lib/armv6-m\libg_nano.a
LOAD c:/program files (x86)/gnu tools arm embedded/5.4 2016q3/bin/../lib/gcc/arm-none-eabi/5.4.1/../../../../arm-none-eabi/lib/armv6-m\libc_nano.a
END GROUP
START GROUP
LOAD c:/program files (x86)/gnu tools arm embedded/5.4 2016q3/bin/../lib/gcc/arm-none-eabi/5.4.1/armv6-m\libgcc.a
LOAD c:/program files (x86)/gnu tools arm embedded/5.4 2016q3/bin/../lib/gcc/arm-none-eabi/5.4.1/../../../../arm-none-eabi/lib/armv6-m\libc_nano.a
END GROUP
LOAD c:/program files (x86)/gnu tools arm embedded/5.4 2016q3/bin/../lib/gcc/arm-none-eabi/5.4.1/armv6-m/crtend.o
LOAD c:/program files (x86)/gnu tools arm embedded/5.4 2016q3/bin/../lib/gcc/arm-none-eabi/5.4.1/armv6-m/crtn.o
START GROUP
LOAD c:/program files (x86)/gnu tools arm embedded/5.4 2016q3/bin/../lib/gcc/arm-none-eabi/5.4.1/armv6-m\libgcc.a
LOAD c:/program files (x86)/gnu tools arm embedded/5.4 2016q3/bin/../lib/gcc/arm-none-eabi/5.4.1/../../../../arm-none-eabi/lib/armv6-m\libc.a
LOAD c:/program files (x86)/gnu tools arm embedded/5.4 2016q3/bin/../lib/gcc/arm-none-eabi/5.4.1/../../../../arm-none-eabi/lib/armv6-m\libnosys.a
END GROUP
START GROUP
LOAD c:/program files (x86)/gnu tools arm embedded/5.4 2016q3/bin/../lib/gcc/arm-none-eabi/5.4.1/armv6-m\libgcc.a
LOAD c:/program files (x86)/gnu tools arm embedded/5.4 2016q3/bin/../lib/gcc/arm-none-eabi/5.4.1/../../../../arm-none-eabi/lib/armv6-m\libc.a
LOAD c:/program files (x86)/gnu tools arm embedded/5.4 2016q3/bin/../lib/gcc/arm-none-eabi/5.4.1/../../../../arm-none-eabi/lib/armv6-m\libm.a
LOAD c:/program files (x86)/gnu tools arm embedded/5.4 2016q3/bin/../lib/gcc/arm-none-eabi/5.4.1/../../../../arm-none-eabi/lib/armv6-m\libnosys.a
END GROUP

.cy_app_header
 *(.cy_app_header)

.text           0x10000000     0x21dc
                0x10000000                . = ALIGN (0x4)
                0x10000000                __Vectors = .
 *(.vectors)
 .vectors       0x10000000       0xc0 .\CortexM0p\ARM_GCC_Generic\Debug\startup_psoc6_01_cm0plus.o
                0x100000c0                . = ALIGN (0x4)
                0x100000c0                __Vectors_End = .
                0x000000c0                __Vectors_Size = (__Vectors_End - __Vectors)
                0x100000c0                __end__ = .
                0x100000c0                . = ALIGN (0x4)
 *(.text*)
 .text          0x100000c0       0x60 c:/program files (x86)/gnu tools arm embedded/5.4 2016q3/bin/../lib/gcc/arm-none-eabi/5.4.1/armv6-m/crtbegin.o
 .text          0x10000120       0x80 .\CortexM0p\ARM_GCC_Generic\Debug\startup_psoc6_01_cm0plus.o
                0x10000120                Cy_OnResetUser
                0x10000122                Reset_Handler
                0x10000180                NvicMux10_IRQHandler
                0x10000180                NvicMux26_IRQHandler
                0x10000180                SysTick_Handler
                0x10000180                NvicMux21_IRQHandler
                0x10000180                NMI_Handler
                0x10000180                NvicMux19_IRQHandler
                0x10000180                NvicMux8_IRQHandler
                0x10000180                NvicMux27_IRQHandler
                0x10000180                PendSV_Handler
                0x10000180                NvicMux17_IRQHandler
                0x10000180                NvicMux0_IRQHandler
                0x10000180                NvicMux25_IRQHandler
                0x10000180                NvicMux13_IRQHandler
                0x10000180                NvicMux11_IRQHandler
                0x10000180                NvicMux9_IRQHandler
                0x10000180                NvicMux18_IRQHandler
                0x10000180                NvicMux6_IRQHandler
                0x10000180                NvicMux22_IRQHandler
                0x10000180                NvicMux7_IRQHandler
                0x10000180                NvicMux2_IRQHandler
                0x10000180                NvicMux4_IRQHandler
                0x10000180                Default_Handler
                0x10000180                NvicMux30_IRQHandler
                0x10000180                NvicMux12_IRQHandler
                0x10000180                NvicMux5_IRQHandler
                0x10000180                NvicMux14_IRQHandler
                0x10000180                NvicMux3_IRQHandler
                0x10000180                SVC_Handler
                0x10000180                NvicMux1_IRQHandler
                0x10000180                NvicMux16_IRQHandler
                0x10000180                NvicMux29_IRQHandler
                0x10000180                NvicMux31_IRQHandler
                0x10000180                NvicMux24_IRQHandler
                0x10000180                NvicMux20_IRQHandler
                0x10000180                NvicMux15_IRQHandler
                0x10000180                NvicMux28_IRQHandler
                0x10000180                NvicMux23_IRQHandler
                0x10000184                HardFault_Handler
 .text.main     0x100001a0       0x10 .\CortexM0p\ARM_GCC_Generic\Debug\main_cm0p.o
                0x100001a0                main
 .text.Cy_SysIpcPipeIsrCm0
                0x100001b0        0xc .\CortexM0p\ARM_GCC_Generic\Debug\system_psoc6_cm0plus.o
                0x100001b0                Cy_SysIpcPipeIsrCm0
 .text.SystemCoreClockUpdate
                0x100001bc      0x1a4 .\CortexM0p\ARM_GCC_Generic\Debug\system_psoc6_cm0plus.o
                0x100001bc                SystemCoreClockUpdate
 .text.SystemInit
                0x10000360       0xc8 .\CortexM0p\ARM_GCC_Generic\Debug\system_psoc6_cm0plus.o
                0x10000360                SystemInit
 .text.Cy_SysGetCM4Status
                0x10000428       0x10 .\CortexM0p\ARM_GCC_Generic\Debug\system_psoc6_cm0plus.o
                0x10000428                Cy_SysGetCM4Status
 .text.Cy_SysResetCM4
                0x10000438       0x34 .\CortexM0p\ARM_GCC_Generic\Debug\system_psoc6_cm0plus.o
                0x10000438                Cy_SysResetCM4
 .text.Cy_SysEnableCM4
                0x1000046c       0x5c .\CortexM0p\ARM_GCC_Generic\Debug\system_psoc6_cm0plus.o
                0x1000046c                Cy_SysEnableCM4
 .text.CyClockStartupError
                0x100004c8        0x4 .\CortexM0p\ARM_GCC_Generic\Debug\cyfitter_cfg.o
 .text.ClockInit
                0x100004cc      0x260 .\CortexM0p\ARM_GCC_Generic\Debug\cyfitter_cfg.o
 .text.Cy_SystemInit
                0x1000072c       0xe8 .\CortexM0p\ARM_GCC_Generic\Debug\cyfitter_cfg.o
                0x1000072c                Cy_SystemInit
 .text.Cy_SysInt_SetInterruptSource
                0x10000814       0x78 .\CortexM0p\ARM_GCC_Generic\Debug\cy_sysint.o
                0x10000814                Cy_SysInt_SetInterruptSource
 .text.Cy_SysInt_SetVector
                0x1000088c       0x44 .\CortexM0p\ARM_GCC_Generic\Debug\cy_sysint.o
                0x1000088c                Cy_SysInt_SetVector
 .text.Cy_SysInt_Init
                0x100008d0       0xc4 .\CortexM0p\ARM_GCC_Generic\Debug\cy_sysint.o
                0x100008d0                Cy_SysInt_Init
 .text.Cy_IPC_Drv_LockRelease
                0x10000994       0x40 .\CortexM0p\ARM_GCC_Generic\Debug\cy_ipc_drv.o
                0x10000994                Cy_IPC_Drv_LockRelease
 .text.Cy_IPC_Drv_SendMsgWord
                0x100009d4       0x40 .\CortexM0p\ARM_GCC_Generic\Debug\cy_ipc_drv.o
                0x100009d4                Cy_IPC_Drv_SendMsgWord
 .text.Cy_IPC_Drv_ReadMsgWord
                0x10000a14       0x38 .\CortexM0p\ARM_GCC_Generic\Debug\cy_ipc_drv.o
                0x10000a14                Cy_IPC_Drv_ReadMsgWord
 .text.Cy_IPC_Sema_InitExt
                0x10000a4c       0xac .\CortexM0p\ARM_GCC_Generic\Debug\cy_ipc_sema.o
                0x10000a4c                Cy_IPC_Sema_InitExt
 .text.Cy_IPC_Sema_Init
                0x10000af8       0x68 .\CortexM0p\ARM_GCC_Generic\Debug\cy_ipc_sema.o
                0x10000af8                Cy_IPC_Sema_Init
 .text.Cy_IPC_Sema_Clear
                0x10000b60       0x8c .\CortexM0p\ARM_GCC_Generic\Debug\cy_ipc_sema.o
                0x10000b60                Cy_IPC_Sema_Clear
 .text.Cy_IPC_Sema_Status
                0x10000bec       0x3c .\CortexM0p\ARM_GCC_Generic\Debug\cy_ipc_sema.o
                0x10000bec                Cy_IPC_Sema_Status
 .text.Cy_IPC_Pipe_Config
                0x10000c28       0x14 .\CortexM0p\ARM_GCC_Generic\Debug\cy_ipc_pipe.o
                0x10000c28                Cy_IPC_Pipe_Config
 .text.Cy_IPC_Pipe_EndpointInit
                0x10000c3c       0xd8 .\CortexM0p\ARM_GCC_Generic\Debug\cy_ipc_pipe.o
                0x10000c3c                Cy_IPC_Pipe_EndpointInit
 .text.Cy_IPC_Pipe_Init
                0x10000d14       0xbc .\CortexM0p\ARM_GCC_Generic\Debug\cy_ipc_pipe.o
                0x10000d14                Cy_IPC_Pipe_Init
 .text.Cy_IPC_Pipe_SendMessage
                0x10000dd0       0xb8 .\CortexM0p\ARM_GCC_Generic\Debug\cy_ipc_pipe.o
                0x10000dd0                Cy_IPC_Pipe_SendMessage
 .text.Cy_IPC_Pipe_RegisterCallback
                0x10000e88       0x54 .\CortexM0p\ARM_GCC_Generic\Debug\cy_ipc_pipe.o
                0x10000e88                Cy_IPC_Pipe_RegisterCallback
 .text.Cy_IPC_Pipe_ExecCallback
                0x10000edc       0xd0 .\CortexM0p\ARM_GCC_Generic\Debug\cy_ipc_pipe.o
                0x10000edc                Cy_IPC_Pipe_ExecCallback
 .text.Cy_IPC_Pipe_ExecuteCallback
                0x10000fac       0x30 .\CortexM0p\ARM_GCC_Generic\Debug\cy_ipc_pipe.o
                0x10000fac                Cy_IPC_Pipe_ExecuteCallback
 .text.Cy_SysClk_ClkPathSetSource
                0x10000fdc       0x5c .\CortexM0p\ARM_GCC_Generic\Debug\cy_sysclk.o
                0x10000fdc                Cy_SysClk_ClkPathSetSource
 .text.Cy_SysClk_FllManualConfigure
                0x10001038      0x178 .\CortexM0p\ARM_GCC_Generic\Debug\cy_sysclk.o
                0x10001038                Cy_SysClk_FllManualConfigure
 .text.Cy_SysClk_FllEnable
                0x100011b0       0xdc .\CortexM0p\ARM_GCC_Generic\Debug\cy_sysclk.o
                0x100011b0                Cy_SysClk_FllEnable
 .text.Cy_WDT_Unlock
                0x1000128c       0x24 .\CortexM0p\ARM_GCC_Generic\Debug\cy_wdt.o
                0x1000128c                Cy_WDT_Unlock
 .text.Cy_Flash_ProcessOpcode
                0x100012b0       0xbc .\CortexM0p\ARM_GCC_Generic\Debug\cy_flash.o
 .text.Cy_Flash_OperationStatus
                0x1000136c       0x5c .\CortexM0p\ARM_GCC_Generic\Debug\cy_flash.o
 .text.Cy_Flash_InitExt
                0x100013c8       0x44 .\CortexM0p\ARM_GCC_Generic\Debug\cy_flash.o
                0x100013c8                Cy_Flash_InitExt
 .text.Cy_Flash_Init
                0x1000140c       0x10 .\CortexM0p\ARM_GCC_Generic\Debug\cy_flash.o
                0x1000140c                Cy_Flash_Init
 .text.Cy_GPIO_Port_Init
                0x1000141c       0xdc .\CortexM0p\ARM_GCC_Generic\Debug\cy_gpio.o
                0x1000141c                Cy_GPIO_Port_Init
 .text.SetReadMarginTrimUlp
                0x100014f8       0x98 .\CortexM0p\ARM_GCC_Generic\Debug\cy_syspm.o
 .text.SetReadMarginTrimLp
                0x10001590       0x90 .\CortexM0p\ARM_GCC_Generic\Debug\cy_syspm.o
 .text.SetWriteAssistTrimUlp
                0x10001620       0x74 .\CortexM0p\ARM_GCC_Generic\Debug\cy_syspm.o
 .text.SetWriteAssistTrimLp
                0x10001694       0x84 .\CortexM0p\ARM_GCC_Generic\Debug\cy_syspm.o
 .text.IsVoltageChangePossible
                0x10001718       0x58 .\CortexM0p\ARM_GCC_Generic\Debug\cy_syspm.o
 .text.Cy_SysPm_WriteVoltageBitForFlash
                0x10001770      0x12c .\CortexM0p\ARM_GCC_Generic\Debug\cy_syspm.o
                0x10001770                Cy_SysPm_WriteVoltageBitForFlash
 .text.Cy_SysPm_LdoSetVoltage
                0x1000189c       0xd0 .\CortexM0p\ARM_GCC_Generic\Debug\cy_syspm.o
                0x1000189c                Cy_SysPm_LdoSetVoltage
 .text.Cy_SysLib_DelayUs
                0x1000196c       0x14 .\CortexM0p\ARM_GCC_Generic\Debug\cy_syslib.o
                0x1000196c                Cy_SysLib_DelayUs
 .text.Cy_SysLib_Halt
                0x10001980        0x4 .\CortexM0p\ARM_GCC_Generic\Debug\cy_syslib.o
                0x10001980                Cy_SysLib_Halt
 .text.Cy_SysLib_AssertFailed
                0x10001984       0x1c .\CortexM0p\ARM_GCC_Generic\Debug\cy_syslib.o
                0x10001984                Cy_SysLib_AssertFailed
 .text.Cy_SysLib_ResetBackupDomain
                0x100019a0       0x20 .\CortexM0p\ARM_GCC_Generic\Debug\cy_syslib.o
                0x100019a0                Cy_SysLib_ResetBackupDomain
 .text.Cy_SysLib_GetResetReason
                0x100019c0       0x1c .\CortexM0p\ARM_GCC_Generic\Debug\cy_syslib.o
                0x100019c0                Cy_SysLib_GetResetReason
 .text.Cy_SysLib_ProcessingFault
                0x100019dc        0x4 .\CortexM0p\ARM_GCC_Generic\Debug\cy_syslib.o
                0x100019dc                Cy_SysLib_ProcessingFault
 .text.Cy_SysLib_FaultHandler
                0x100019e0       0x30 .\CortexM0p\ARM_GCC_Generic\Debug\cy_syslib.o
                0x100019e0                Cy_SysLib_FaultHandler
 .text.Cy_SysLib_SetWaitStates
                0x10001a10       0xe0 .\CortexM0p\ARM_GCC_Generic\Debug\cy_syslib.o
                0x10001a10                Cy_SysLib_SetWaitStates
 .text          0x10001af0       0x20 .\CortexM0p\ARM_GCC_Generic\Debug\cy_syslib_gcc.o
                0x10001af0                Cy_SysLib_DelayCycles
                0x10001b02                Cy_SysLib_EnterCriticalSection
                0x10001b0a                Cy_SysLib_ExitCriticalSection
 .text.Cy_SysTick_SetClockSource
                0x10001b10       0x3c .\CortexM0p\ARM_GCC_Generic\Debug\cy_systick.o
                0x10001b10                Cy_SysTick_SetClockSource
 .text.Cy_Prot_GetActivePC
                0x10001b4c       0x34 .\CortexM0p\ARM_GCC_Generic\Debug\cy_prot.o
                0x10001b4c                Cy_Prot_GetActivePC
 .text.Cy_PDL_Init
                0x10001b80        0xc .\CortexM0p\ARM_GCC_Generic\Debug\cy_device.o
                0x10001b80                Cy_PDL_Init
 .text          0x10001b8c      0x114 c:/program files (x86)/gnu tools arm embedded/5.4 2016q3/bin/../lib/gcc/arm-none-eabi/5.4.1/armv6-m\libgcc.a(_udivsi3.o)
                0x10001b8c                __aeabi_uidiv
                0x10001b8c                __udivsi3
                0x10001c98                __aeabi_uidivmod
 .text          0x10001ca0        0x4 c:/program files (x86)/gnu tools arm embedded/5.4 2016q3/bin/../lib/gcc/arm-none-eabi/5.4.1/armv6-m\libgcc.a(_dvmd_tls.o)
                0x10001ca0                __aeabi_idiv0
                0x10001ca0                __aeabi_ldiv0
 .text.memset   0x10001ca4       0x10 c:/program files (x86)/gnu tools arm embedded/5.4 2016q3/bin/../lib/gcc/arm-none-eabi/5.4.1/../../../../arm-none-eabi/lib/armv6-m\libg_nano.a(lib_a-memset.o)
                0x10001ca4                memset
 .text.strncpy  0x10001cb4       0x26 c:/program files (x86)/gnu tools arm embedded/5.4 2016q3/bin/../lib/gcc/arm-none-eabi/5.4.1/../../../../arm-none-eabi/lib/armv6-m\libg_nano.a(lib_a-strncpy.o)
                0x10001cb4                strncpy
 *(.init)
 *fill*         0x10001cda        0x2 
 .init          0x10001cdc        0x4 c:/program files (x86)/gnu tools arm embedded/5.4 2016q3/bin/../lib/gcc/arm-none-eabi/5.4.1/armv6-m/crti.o
                0x10001cdc                _init
 .init          0x10001ce0        0x8 c:/program files (x86)/gnu tools arm embedded/5.4 2016q3/bin/../lib/gcc/arm-none-eabi/5.4.1/armv6-m/crtn.o
 *(.fini)
 .fini          0x10001ce8        0x4 c:/program files (x86)/gnu tools arm embedded/5.4 2016q3/bin/../lib/gcc/arm-none-eabi/5.4.1/armv6-m/crti.o
                0x10001ce8                _fini
 .fini          0x10001cec        0x8 c:/program files (x86)/gnu tools arm embedded/5.4 2016q3/bin/../lib/gcc/arm-none-eabi/5.4.1/armv6-m/crtn.o
 *crtbegin.o(.ctors)
 *crtbegin?.o(.ctors)
 *(EXCLUDE_FILE(*crtend.o *crtend?.o) .ctors)
 *(SORT(.ctors.*))
 *(.ctors)
 *crtbegin.o(.dtors)
 *crtbegin?.o(.dtors)
 *(EXCLUDE_FILE(*crtend.o *crtend?.o) .dtors)
 *(SORT(.dtors.*))
 *(.dtors)
 *(.rodata .rodata.* .constdata .constdata.* .conststring .conststring.*)
 .rodata        0x10001cf4       0x34 .\CortexM0p\ARM_GCC_Generic\Debug\system_psoc6_cm0plus.o
 .rodata.str1.4
                0x10001d28       0x17 .\CortexM0p\ARM_GCC_Generic\Debug\system_psoc6_cm0plus.o
 *fill*         0x10001d3f        0x1 
 .rodata        0x10001d40       0x5c .\CortexM0p\ARM_GCC_Generic\Debug\cyfitter_cfg.o
 .rodata.str1.4
                0x10001d9c       0x41 .\CortexM0p\ARM_GCC_Generic\Debug\cy_sysint.o
 *fill*         0x10001ddd        0x3 
 .rodata.str1.4
                0x10001de0       0x7f .\CortexM0p\ARM_GCC_Generic\Debug\cy_ipc_drv.o
 .rodata.str1.4
                0x10001e5f       0x3f .\CortexM0p\ARM_GCC_Generic\Debug\cy_ipc_sema.o
 *fill*         0x10001e5f        0x1 
 .rodata.str1.4
                0x10001e60       0x40 .\CortexM0p\ARM_GCC_Generic\Debug\cy_ipc_pipe.o
                                 0x7f (size before relaxing)
 .rodata.str1.4
                0x10001ea0       0x85 .\CortexM0p\ARM_GCC_Generic\Debug\cy_sysclk.o
 *fill*         0x10001f25        0x3 
 .rodata.str1.4
                0x10001f28       0x3f .\CortexM0p\ARM_GCC_Generic\Debug\cy_flash.o
 *fill*         0x10001f67        0x1 
 .rodata.str1.4
                0x10001f68       0x7d .\CortexM0p\ARM_GCC_Generic\Debug\cy_gpio.o
 *fill*         0x10001fe5        0x3 
 .rodata.str1.4
                0x10001fe8       0x3f .\CortexM0p\ARM_GCC_Generic\Debug\cy_syspm.o
                                 0x7f (size before relaxing)
 *fill*         0x10002027        0x1 
 .rodata.str1.4
                0x10002028       0x40 .\CortexM0p\ARM_GCC_Generic\Debug\cy_prot.o
                                 0x3d (size before relaxing)
 .rodata        0x10002068      0x170 .\CortexM0p\ARM_GCC_Generic\Debug\cy_device.o
                0x10002068                cy_deviceIpBlockCfgPSoC6_02
                0x10002120                cy_deviceIpBlockCfgPSoC6_01
 *(.eh_frame*)
 .eh_frame      0x100021d8        0x0 c:/program files (x86)/gnu tools arm embedded/5.4 2016q3/bin/../lib/gcc/arm-none-eabi/5.4.1/armv6-m/crtbegin.o
 .eh_frame      0x100021d8        0x4 c:/program files (x86)/gnu tools arm embedded/5.4 2016q3/bin/../lib/gcc/arm-none-eabi/5.4.1/armv6-m/crtend.o

.glue_7         0x100021dc        0x0
 .glue_7        0x100021dc        0x0 linker stubs

.glue_7t        0x100021dc        0x0
 .glue_7t       0x100021dc        0x0 linker stubs

.vfp11_veneer   0x100021dc        0x0
 .vfp11_veneer  0x100021dc        0x0 linker stubs

.v4_bx          0x100021dc        0x0
 .v4_bx         0x100021dc        0x0 linker stubs

.iplt           0x100021dc        0x0
 .iplt          0x100021dc        0x0 c:/program files (x86)/gnu tools arm embedded/5.4 2016q3/bin/../lib/gcc/arm-none-eabi/5.4.1/armv6-m/crtbegin.o

.ARM.extab
 *(.ARM.extab* .gnu.linkonce.armextab.*)
                0x100021dc                __exidx_start = .

.ARM.exidx
 *(.ARM.exidx* .gnu.linkonce.armexidx.*)
                0x100021dc                __exidx_end = .

.copy.table     0x100021dc       0x18
                0x100021dc                . = ALIGN (0x4)
                0x100021dc                __copy_table_start__ = .
                0x100021dc        0x4 LONG 0x10000000 __Vectors
                0x100021e0        0x4 LONG 0x8000000 __ram_vectors_start__
                0x100021e4        0x4 LONG 0xc0 (__Vectors_End - __Vectors)
                0x100021e8        0x4 LONG 0x100021fc __etext
                0x100021ec        0x4 LONG 0x80000c0 __data_start__
                0x100021f0        0x4 LONG 0x538 (__data_end__ - __data_start__)
                0x100021f4                __copy_table_end__ = .

.zero.table     0x100021f4        0x8
                0x100021f4                . = ALIGN (0x4)
                0x100021f4                __zero_table_start__ = .
                0x100021f4        0x4 LONG 0x8000634 __bss_start__
                0x100021f8        0x4 LONG 0x1d8 (__bss_end__ - __bss_start__)
                0x100021fc                __zero_table_end__ = .
                0x100021fc                __etext = .

.ramVectors     0x08000000       0xc0
                0x08000000                __ram_vectors_start__ = .
 *(.ram_vectors)
 .ram_vectors   0x08000000       0xc0 .\CortexM0p\ARM_GCC_Generic\Debug\startup_psoc6_01_cm0plus.o
                0x08000000                __ramVectors
                0x080000c0                __ram_vectors_end__ = .

.data           0x080000c0      0x538 load address 0x100021fc
                0x080000c0                __data_start__ = .
 *(vtable)
 *(.data*)
 .data          0x080000c0       0x1c .\CortexM0p\ARM_GCC_Generic\Debug\system_psoc6_cm0plus.o
                0x080000c0                cy_Hfclk0FreqHz
                0x080000c4                cy_PeriClkFreqHz
                0x080000c8                SystemCoreClock
                0x080000cc                cy_delayFreqHz
                0x080000d0                cy_delayFreqMhz
                0x080000d4                cy_delayFreqKhz
                0x080000d8                cy_delay32kMs
                0x080000dc                . = ALIGN (0x4)
                0x080000dc                PROVIDE (__preinit_array_start, .)
 *(.preinit_array)
                0x080000dc                PROVIDE (__preinit_array_end, .)
                0x080000dc                . = ALIGN (0x4)
                0x080000dc                PROVIDE (__init_array_start, .)
 *(SORT(.init_array.*))
 *(.init_array)
 .init_array    0x080000dc        0x4 c:/program files (x86)/gnu tools arm embedded/5.4 2016q3/bin/../lib/gcc/arm-none-eabi/5.4.1/armv6-m/crtbegin.o
                0x080000e0                PROVIDE (__init_array_end, .)
                0x080000e0                . = ALIGN (0x4)
                [!provide]                PROVIDE (__fini_array_start, .)
 *(SORT(.fini_array.*))
 *(.fini_array)
 .fini_array    0x080000e0        0x4 c:/program files (x86)/gnu tools arm embedded/5.4 2016q3/bin/../lib/gcc/arm-none-eabi/5.4.1/armv6-m/crtbegin.o
                [!provide]                PROVIDE (__fini_array_end, .)
 *(.jcr*)
 .jcr           0x080000e4        0x0 c:/program files (x86)/gnu tools arm embedded/5.4 2016q3/bin/../lib/gcc/arm-none-eabi/5.4.1/armv6-m/crtbegin.o
 .jcr           0x080000e4        0x4 c:/program files (x86)/gnu tools arm embedded/5.4 2016q3/bin/../lib/gcc/arm-none-eabi/5.4.1/armv6-m/crtend.o
                0x080000e8                . = ALIGN (0x4)
 *(.cy_ramfunc*)
 .cy_ramfunc    0x080000e8      0x248 .\CortexM0p\ARM_GCC_Generic\Debug\cy_flash.o
 .cy_ramfunc    0x08000330      0x238 .\CortexM0p\ARM_GCC_Generic\Debug\cy_syspm.o
 .cy_ramfunc.__stub
                0x08000568       0x90 linker stubs
                0x080005f8                . = ALIGN (0x4)
                0x080005f8                __data_end__ = .

.igot.plt       0x080005f8        0x0 load address 0x10002734
 .igot.plt      0x080005f8        0x0 c:/program files (x86)/gnu tools arm embedded/5.4 2016q3/bin/../lib/gcc/arm-none-eabi/5.4.1/armv6-m/crtbegin.o

.noinit         0x080005f8       0x3c load address 0x10002738
 *(.noinit)
 .noinit        0x080005f8       0x3c .\CortexM0p\ARM_GCC_Generic\Debug\cy_syslib.o
                0x080005f8                cy_assertFileName
                0x08000610                cy_assertLine
                0x08000614                cy_faultFrame

.bss            0x08000634      0x1d8 load address 0x10002774
                0x08000634                . = ALIGN (0x4)
                0x08000634                __bss_start__ = .
 *(.bss*)
 .bss           0x08000634       0x1c c:/program files (x86)/gnu tools arm embedded/5.4 2016q3/bin/../lib/gcc/arm-none-eabi/5.4.1/armv6-m/crtbegin.o
 .bss           0x08000650      0x190 .\CortexM0p\ARM_GCC_Generic\Debug\system_psoc6_cm0plus.o
 .bss           0x080007e0        0xc .\CortexM0p\ARM_GCC_Generic\Debug\cy_ipc_sema.o
 .bss           0x080007ec        0x4 .\CortexM0p\ARM_GCC_Generic\Debug\cy_ipc_pipe.o
 .bss           0x080007f0       0x18 .\CortexM0p\ARM_GCC_Generic\Debug\cy_flash.o
 *(COMMON)
 COMMON         0x08000808        0x4 .\CortexM0p\ARM_GCC_Generic\Debug\cy_device.o
                0x08000808                cy_device
                0x0800080c                . = ALIGN (0x4)
                0x0800080c                __bss_end__ = .

.heap           0x08000810      0x400
                0x08000810                __HeapBase = .
                0x08000810                __end__ = .
                0x08000810                end = __end__
 *(.heap*)
 .heap          0x08000810      0x400 .\CortexM0p\ARM_GCC_Generic\Debug\startup_psoc6_01_cm0plus.o
                0x08000c10                __HeapLimit = .

.stack_dummy    0x08000810     0x1000
 *(.stack*)
 .stack         0x08000810     0x1000 .\CortexM0p\ARM_GCC_Generic\Debug\startup_psoc6_01_cm0plus.o
                0x08024000                __StackTop = (ORIGIN (ram) + LENGTH (ram))
                0x08023000                __StackLimit = (__StackTop - SIZEOF (.stack_dummy))
                0x08024000                PROVIDE (__stack, __StackTop)
                0x00000001                ASSERT ((__StackLimit >= __HeapLimit), region RAM overflowed with stack)

.cy_em_eeprom
 *(.cy_em_eeprom)

.cy_sflash_user_data
 *(.cy_sflash_user_data)

.cy_sflash_nar
 *(.cy_sflash_nar)

.cy_sflash_public_key
 *(.cy_sflash_public_key)

.cy_toc_part2
 *(.cy_toc_part2)

.cy_rtoc_part2
 *(.cy_rtoc_part2)

.cy_xip
 *(.cy_xip)

.cy_efuse
 *(.cy_efuse)

.cymeta         0x90500000        0xc
 *(.cymeta)
 .cymeta        0x90500000        0xc .\CortexM0p\ARM_GCC_Generic\Debug\cymetadata.o
                0x90500000                cy_metadata
                0x10000000                __cy_memory_0_start = 0x10000000
                0x00100000                __cy_memory_0_length = 0x100000
                0x00000200                __cy_memory_0_row_size = 0x200
                0x14000000                __cy_memory_1_start = 0x14000000
                0x00008000                __cy_memory_1_length = 0x8000
                0x00000200                __cy_memory_1_row_size = 0x200
                0x16000000                __cy_memory_2_start = 0x16000000
                0x00008000                __cy_memory_2_length = 0x8000
                0x00000200                __cy_memory_2_row_size = 0x200
                0x18000000                __cy_memory_3_start = 0x18000000
                0x08000000                __cy_memory_3_length = 0x8000000
                0x00000200                __cy_memory_3_row_size = 0x200
                0x90700000                __cy_memory_4_start = 0x90700000
                0x00100000                __cy_memory_4_length = 0x100000
                0x00000001                __cy_memory_4_row_size = 0x1
OUTPUT(C:\Users\Vishwas\Downloads\Chrome\Project___Dependencies (1)\Project + Dependencies\PSoC6_MPU6050.cydsn\CortexM0p\ARM_GCC_Generic\Debug\PSoC6_MPU6050_link.elf elf32-littlearm)

.rel.dyn        0x0800080c        0x0 load address 0x9850214c
 .rel.iplt      0x0800080c        0x0 c:/program files (x86)/gnu tools arm embedded/5.4 2016q3/bin/../lib/gcc/arm-none-eabi/5.4.1/armv6-m/crtbegin.o

.ARM.attributes
                0x00000000       0x28
 .ARM.attributes
                0x00000000       0x1e c:/program files (x86)/gnu tools arm embedded/5.4 2016q3/bin/../lib/gcc/arm-none-eabi/5.4.1/armv6-m/crti.o
 .ARM.attributes
                0x0000001e       0x2c c:/program files (x86)/gnu tools arm embedded/5.4 2016q3/bin/../lib/gcc/arm-none-eabi/5.4.1/armv6-m/crtbegin.o
 .ARM.attributes
                0x0000004a       0x1b .\CortexM0p\ARM_GCC_Generic\Debug\startup_psoc6_01_cm0plus.o
 .ARM.attributes
                0x00000065       0x32 .\CortexM0p\ARM_GCC_Generic\Debug\main_cm0p.o
 .ARM.attributes
                0x00000097       0x32 .\CortexM0p\ARM_GCC_Generic\Debug\system_psoc6_cm0plus.o
 .ARM.attributes
                0x000000c9       0x32 .\CortexM0p\ARM_GCC_Generic\Debug\cyfitter_cfg.o
 .ARM.attributes
                0x000000fb       0x32 .\CortexM0p\ARM_GCC_Generic\Debug\cymetadata.o
 .ARM.attributes
                0x0000012d       0x32 .\CortexM0p\ARM_GCC_Generic\Debug\cy_sysint.o
 .ARM.attributes
                0x0000015f       0x32 .\CortexM0p\ARM_GCC_Generic\Debug\cy_ipc_drv.o
 .ARM.attributes
                0x00000191       0x32 .\CortexM0p\ARM_GCC_Generic\Debug\cy_ipc_sema.o
 .ARM.attributes
                0x000001c3       0x32 .\CortexM0p\ARM_GCC_Generic\Debug\cy_ipc_pipe.o
 .ARM.attributes
                0x000001f5       0x32 .\CortexM0p\ARM_GCC_Generic\Debug\cy_sysclk.o
 .ARM.attributes
                0x00000227       0x32 .\CortexM0p\ARM_GCC_Generic\Debug\cy_wdt.o
 .ARM.attributes
                0x00000259       0x32 .\CortexM0p\ARM_GCC_Generic\Debug\cy_flash.o
 .ARM.attributes
                0x0000028b       0x32 .\CortexM0p\ARM_GCC_Generic\Debug\cy_gpio.o
 .ARM.attributes
                0x000002bd       0x32 .\CortexM0p\ARM_GCC_Generic\Debug\cy_syspm.o
 .ARM.attributes
                0x000002ef       0x32 .\CortexM0p\ARM_GCC_Generic\Debug\cy_syslib.o
 .ARM.attributes
                0x00000321       0x22 .\CortexM0p\ARM_GCC_Generic\Debug\cy_syslib_gcc.o
 .ARM.attributes
                0x00000343       0x32 .\CortexM0p\ARM_GCC_Generic\Debug\cy_systick.o
 .ARM.attributes
                0x00000375       0x32 .\CortexM0p\ARM_GCC_Generic\Debug\cy_prot.o
 .ARM.attributes
                0x000003a7       0x32 .\CortexM0p\ARM_GCC_Generic\Debug\cy_device.o
 .ARM.attributes
                0x000003d9       0x1e c:/program files (x86)/gnu tools arm embedded/5.4 2016q3/bin/../lib/gcc/arm-none-eabi/5.4.1/armv6-m\libgcc.a(_udivsi3.o)
 .ARM.attributes
                0x000003f7       0x1e c:/program files (x86)/gnu tools arm embedded/5.4 2016q3/bin/../lib/gcc/arm-none-eabi/5.4.1/armv6-m\libgcc.a(_dvmd_tls.o)
 .ARM.attributes
                0x00000415       0x2c c:/program files (x86)/gnu tools arm embedded/5.4 2016q3/bin/../lib/gcc/arm-none-eabi/5.4.1/../../../../arm-none-eabi/lib/armv6-m\libg_nano.a(lib_a-memset.o)
 .ARM.attributes
                0x00000441       0x2c c:/program files (x86)/gnu tools arm embedded/5.4 2016q3/bin/../lib/gcc/arm-none-eabi/5.4.1/../../../../arm-none-eabi/lib/armv6-m\libg_nano.a(lib_a-strncpy.o)
 .ARM.attributes
                0x0000046d       0x2c c:/program files (x86)/gnu tools arm embedded/5.4 2016q3/bin/../lib/gcc/arm-none-eabi/5.4.1/armv6-m/crtend.o
 .ARM.attributes
                0x00000499       0x1e c:/program files (x86)/gnu tools arm embedded/5.4 2016q3/bin/../lib/gcc/arm-none-eabi/5.4.1/armv6-m/crtn.o

.comment        0x00000000       0x6e
 .comment       0x00000000       0x6e .\CortexM0p\ARM_GCC_Generic\Debug\main_cm0p.o
                                 0x6f (size before relaxing)
 .comment       0x0000006e       0x6f .\CortexM0p\ARM_GCC_Generic\Debug\system_psoc6_cm0plus.o
 .comment       0x0000006e       0x6f .\CortexM0p\ARM_GCC_Generic\Debug\cyfitter_cfg.o
 .comment       0x0000006e       0x6f .\CortexM0p\ARM_GCC_Generic\Debug\cymetadata.o
 .comment       0x0000006e       0x6f .\CortexM0p\ARM_GCC_Generic\Debug\cy_sysint.o
 .comment       0x0000006e       0x6f .\CortexM0p\ARM_GCC_Generic\Debug\cy_ipc_drv.o
 .comment       0x0000006e       0x6f .\CortexM0p\ARM_GCC_Generic\Debug\cy_ipc_sema.o
 .comment       0x0000006e       0x6f .\CortexM0p\ARM_GCC_Generic\Debug\cy_ipc_pipe.o
 .comment       0x0000006e       0x6f .\CortexM0p\ARM_GCC_Generic\Debug\cy_sysclk.o
 .comment       0x0000006e       0x6f .\CortexM0p\ARM_GCC_Generic\Debug\cy_wdt.o
 .comment       0x0000006e       0x6f .\CortexM0p\ARM_GCC_Generic\Debug\cy_flash.o
 .comment       0x0000006e       0x6f .\CortexM0p\ARM_GCC_Generic\Debug\cy_gpio.o
 .comment       0x0000006e       0x6f .\CortexM0p\ARM_GCC_Generic\Debug\cy_syspm.o
 .comment       0x0000006e       0x6f .\CortexM0p\ARM_GCC_Generic\Debug\cy_syslib.o
 .comment       0x0000006e       0x6f .\CortexM0p\ARM_GCC_Generic\Debug\cy_systick.o
 .comment       0x0000006e       0x6f .\CortexM0p\ARM_GCC_Generic\Debug\cy_prot.o
 .comment       0x0000006e       0x6f .\CortexM0p\ARM_GCC_Generic\Debug\cy_device.o

.debug_line     0x00000000     0x51d8
 .debug_line    0x00000000       0x92 .\CortexM0p\ARM_GCC_Generic\Debug\startup_psoc6_01_cm0plus.o
 .debug_line    0x00000092      0x227 .\CortexM0p\ARM_GCC_Generic\Debug\main_cm0p.o
 .debug_line    0x000002b9      0x497 .\CortexM0p\ARM_GCC_Generic\Debug\system_psoc6_cm0plus.o
 .debug_line    0x00000750      0x44f .\CortexM0p\ARM_GCC_Generic\Debug\cyfitter_cfg.o
 .debug_line    0x00000b9f      0x10f .\CortexM0p\ARM_GCC_Generic\Debug\cymetadata.o
 .debug_line    0x00000cae      0x38b .\CortexM0p\ARM_GCC_Generic\Debug\cy_sysint.o
 .debug_line    0x00001039      0x2d5 .\CortexM0p\ARM_GCC_Generic\Debug\cy_ipc_drv.o
 .debug_line    0x0000130e      0x397 .\CortexM0p\ARM_GCC_Generic\Debug\cy_ipc_sema.o
 .debug_line    0x000016a5      0x557 .\CortexM0p\ARM_GCC_Generic\Debug\cy_ipc_pipe.o
 .debug_line    0x00001bfc      0x9b4 .\CortexM0p\ARM_GCC_Generic\Debug\cy_sysclk.o
 .debug_line    0x000025b0      0x2b1 .\CortexM0p\ARM_GCC_Generic\Debug\cy_wdt.o
 .debug_line    0x00002861      0x6c0 .\CortexM0p\ARM_GCC_Generic\Debug\cy_flash.o
 .debug_line    0x00002f21      0x483 .\CortexM0p\ARM_GCC_Generic\Debug\cy_gpio.o
 .debug_line    0x000033a4      0xa1a .\CortexM0p\ARM_GCC_Generic\Debug\cy_syspm.o
 .debug_line    0x00003dbe      0x46d .\CortexM0p\ARM_GCC_Generic\Debug\cy_syslib.o
 .debug_line    0x0000422b       0x89 .\CortexM0p\ARM_GCC_Generic\Debug\cy_syslib_gcc.o
 .debug_line    0x000042b4      0x2e9 .\CortexM0p\ARM_GCC_Generic\Debug\cy_systick.o
 .debug_line    0x0000459d      0xaee .\CortexM0p\ARM_GCC_Generic\Debug\cy_prot.o
 .debug_line    0x0000508b      0x14d .\CortexM0p\ARM_GCC_Generic\Debug\cy_device.o

.debug_info     0x00000000    0x1b89c
 .debug_info    0x00000000       0xaf .\CortexM0p\ARM_GCC_Generic\Debug\startup_psoc6_01_cm0plus.o
 .debug_info    0x000000af      0x803 .\CortexM0p\ARM_GCC_Generic\Debug\main_cm0p.o
 .debug_info    0x000008b2     0x21aa .\CortexM0p\ARM_GCC_Generic\Debug\system_psoc6_cm0plus.o
 .debug_info    0x00002a5c     0x208c .\CortexM0p\ARM_GCC_Generic\Debug\cyfitter_cfg.o
 .debug_info    0x00004ae8       0xac .\CortexM0p\ARM_GCC_Generic\Debug\cymetadata.o
 .debug_info    0x00004b94     0x1af4 .\CortexM0p\ARM_GCC_Generic\Debug\cy_sysint.o
 .debug_info    0x00006688      0x8df .\CortexM0p\ARM_GCC_Generic\Debug\cy_ipc_drv.o
 .debug_info    0x00006f67      0xbf9 .\CortexM0p\ARM_GCC_Generic\Debug\cy_ipc_sema.o
 .debug_info    0x00007b60     0x19e8 .\CortexM0p\ARM_GCC_Generic\Debug\cy_ipc_pipe.o
 .debug_info    0x00009548     0x21b4 .\CortexM0p\ARM_GCC_Generic\Debug\cy_sysclk.o
 .debug_info    0x0000b6fc      0x80f .\CortexM0p\ARM_GCC_Generic\Debug\cy_wdt.o
 .debug_info    0x0000bf0b     0x2393 .\CortexM0p\ARM_GCC_Generic\Debug\cy_flash.o
 .debug_info    0x0000e29e     0x3cb4 .\CortexM0p\ARM_GCC_Generic\Debug\cy_gpio.o
 .debug_info    0x00011f52     0x3ef3 .\CortexM0p\ARM_GCC_Generic\Debug\cy_syspm.o
 .debug_info    0x00015e45     0x20bb .\CortexM0p\ARM_GCC_Generic\Debug\cy_syslib.o
 .debug_info    0x00017f00       0xd9 .\CortexM0p\ARM_GCC_Generic\Debug\cy_syslib_gcc.o
 .debug_info    0x00017fd9      0x7fc .\CortexM0p\ARM_GCC_Generic\Debug\cy_systick.o
 .debug_info    0x000187d5     0x2b76 .\CortexM0p\ARM_GCC_Generic\Debug\cy_prot.o
 .debug_info    0x0001b34b      0x551 .\CortexM0p\ARM_GCC_Generic\Debug\cy_device.o

.debug_abbrev   0x00000000     0x24f6
 .debug_abbrev  0x00000000       0x14 .\CortexM0p\ARM_GCC_Generic\Debug\startup_psoc6_01_cm0plus.o
 .debug_abbrev  0x00000014      0x145 .\CortexM0p\ARM_GCC_Generic\Debug\main_cm0p.o
 .debug_abbrev  0x00000159      0x272 .\CortexM0p\ARM_GCC_Generic\Debug\system_psoc6_cm0plus.o
 .debug_abbrev  0x000003cb      0x2bd .\CortexM0p\ARM_GCC_Generic\Debug\cyfitter_cfg.o
 .debug_abbrev  0x00000688       0x5d .\CortexM0p\ARM_GCC_Generic\Debug\cymetadata.o
 .debug_abbrev  0x000006e5      0x274 .\CortexM0p\ARM_GCC_Generic\Debug\cy_sysint.o
 .debug_abbrev  0x00000959      0x177 .\CortexM0p\ARM_GCC_Generic\Debug\cy_ipc_drv.o
 .debug_abbrev  0x00000ad0      0x208 .\CortexM0p\ARM_GCC_Generic\Debug\cy_ipc_sema.o
 .debug_abbrev  0x00000cd8      0x31a .\CortexM0p\ARM_GCC_Generic\Debug\cy_ipc_pipe.o
 .debug_abbrev  0x00000ff2      0x36d .\CortexM0p\ARM_GCC_Generic\Debug\cy_sysclk.o
 .debug_abbrev  0x0000135f      0x151 .\CortexM0p\ARM_GCC_Generic\Debug\cy_wdt.o
 .debug_abbrev  0x000014b0      0x313 .\CortexM0p\ARM_GCC_Generic\Debug\cy_flash.o
 .debug_abbrev  0x000017c3      0x250 .\CortexM0p\ARM_GCC_Generic\Debug\cy_gpio.o
 .debug_abbrev  0x00001a13      0x30f .\CortexM0p\ARM_GCC_Generic\Debug\cy_syspm.o
 .debug_abbrev  0x00001d22      0x30d .\CortexM0p\ARM_GCC_Generic\Debug\cy_syslib.o
 .debug_abbrev  0x0000202f       0x14 .\CortexM0p\ARM_GCC_Generic\Debug\cy_syslib_gcc.o
 .debug_abbrev  0x00002043      0x203 .\CortexM0p\ARM_GCC_Generic\Debug\cy_systick.o
 .debug_abbrev  0x00002246      0x213 .\CortexM0p\ARM_GCC_Generic\Debug\cy_prot.o
 .debug_abbrev  0x00002459       0x9d .\CortexM0p\ARM_GCC_Generic\Debug\cy_device.o

.debug_aranges  0x00000000      0x7e8
 .debug_aranges
                0x00000000       0x20 .\CortexM0p\ARM_GCC_Generic\Debug\startup_psoc6_01_cm0plus.o
 .debug_aranges
                0x00000020       0x20 .\CortexM0p\ARM_GCC_Generic\Debug\main_cm0p.o
 .debug_aranges
                0x00000040       0x60 .\CortexM0p\ARM_GCC_Generic\Debug\system_psoc6_cm0plus.o
 .debug_aranges
                0x000000a0       0x30 .\CortexM0p\ARM_GCC_Generic\Debug\cyfitter_cfg.o
 .debug_aranges
                0x000000d0       0x18 .\CortexM0p\ARM_GCC_Generic\Debug\cymetadata.o
 .debug_aranges
                0x000000e8       0x58 .\CortexM0p\ARM_GCC_Generic\Debug\cy_sysint.o
 .debug_aranges
                0x00000140       0x30 .\CortexM0p\ARM_GCC_Generic\Debug\cy_ipc_drv.o
 .debug_aranges
                0x00000170       0x48 .\CortexM0p\ARM_GCC_Generic\Debug\cy_ipc_sema.o
 .debug_aranges
                0x000001b8       0x68 .\CortexM0p\ARM_GCC_Generic\Debug\cy_ipc_pipe.o
 .debug_aranges
                0x00000220       0xb0 .\CortexM0p\ARM_GCC_Generic\Debug\cy_sysclk.o
 .debug_aranges
                0x000002d0       0x58 .\CortexM0p\ARM_GCC_Generic\Debug\cy_wdt.o
 .debug_aranges
                0x00000328       0xb0 .\CortexM0p\ARM_GCC_Generic\Debug\cy_flash.o
 .debug_aranges
                0x000003d8       0x48 .\CortexM0p\ARM_GCC_Generic\Debug\cy_gpio.o
 .debug_aranges
                0x00000420      0x118 .\CortexM0p\ARM_GCC_Generic\Debug\cy_syspm.o
 .debug_aranges
                0x00000538       0x80 .\CortexM0p\ARM_GCC_Generic\Debug\cy_syslib.o
 .debug_aranges
                0x000005b8       0x20 .\CortexM0p\ARM_GCC_Generic\Debug\cy_syslib_gcc.o
 .debug_aranges
                0x000005d8       0x58 .\CortexM0p\ARM_GCC_Generic\Debug\cy_systick.o
 .debug_aranges
                0x00000630      0x198 .\CortexM0p\ARM_GCC_Generic\Debug\cy_prot.o
 .debug_aranges
                0x000007c8       0x20 .\CortexM0p\ARM_GCC_Generic\Debug\cy_device.o

.debug_ranges   0x00000000      0x778
 .debug_ranges  0x00000000       0x10 .\CortexM0p\ARM_GCC_Generic\Debug\main_cm0p.o
 .debug_ranges  0x00000010       0x68 .\CortexM0p\ARM_GCC_Generic\Debug\system_psoc6_cm0plus.o
 .debug_ranges  0x00000078       0x20 .\CortexM0p\ARM_GCC_Generic\Debug\cyfitter_cfg.o
 .debug_ranges  0x00000098       0x48 .\CortexM0p\ARM_GCC_Generic\Debug\cy_sysint.o
 .debug_ranges  0x000000e0       0x20 .\CortexM0p\ARM_GCC_Generic\Debug\cy_ipc_drv.o
 .debug_ranges  0x00000100       0x38 .\CortexM0p\ARM_GCC_Generic\Debug\cy_ipc_sema.o
 .debug_ranges  0x00000138       0x58 .\CortexM0p\ARM_GCC_Generic\Debug\cy_ipc_pipe.o
 .debug_ranges  0x00000190      0x118 .\CortexM0p\ARM_GCC_Generic\Debug\cy_sysclk.o
 .debug_ranges  0x000002a8       0x48 .\CortexM0p\ARM_GCC_Generic\Debug\cy_wdt.o
 .debug_ranges  0x000002f0       0xc8 .\CortexM0p\ARM_GCC_Generic\Debug\cy_flash.o
 .debug_ranges  0x000003b8       0x38 .\CortexM0p\ARM_GCC_Generic\Debug\cy_gpio.o
 .debug_ranges  0x000003f0      0x138 .\CortexM0p\ARM_GCC_Generic\Debug\cy_syspm.o
 .debug_ranges  0x00000528       0x70 .\CortexM0p\ARM_GCC_Generic\Debug\cy_syslib.o
 .debug_ranges  0x00000598       0x48 .\CortexM0p\ARM_GCC_Generic\Debug\cy_systick.o
 .debug_ranges  0x000005e0      0x188 .\CortexM0p\ARM_GCC_Generic\Debug\cy_prot.o
 .debug_ranges  0x00000768       0x10 .\CortexM0p\ARM_GCC_Generic\Debug\cy_device.o

.debug_str      0x00000000     0xf8f9
 .debug_str     0x00000000      0x9df .\CortexM0p\ARM_GCC_Generic\Debug\main_cm0p.o
                                0xa46 (size before relaxing)
 .debug_str     0x000009df     0x1449 .\CortexM0p\ARM_GCC_Generic\Debug\system_psoc6_cm0plus.o
                               0x1df1 (size before relaxing)
 .debug_str     0x00001e28     0x1582 .\CortexM0p\ARM_GCC_Generic\Debug\cyfitter_cfg.o
                               0x21ac (size before relaxing)
 .debug_str     0x000033aa       0x30 .\CortexM0p\ARM_GCC_Generic\Debug\cymetadata.o
                                0x1c9 (size before relaxing)
 .debug_str     0x000033da     0x1364 .\CortexM0p\ARM_GCC_Generic\Debug\cy_sysint.o
                               0x2076 (size before relaxing)
 .debug_str     0x0000473e      0x196 .\CortexM0p\ARM_GCC_Generic\Debug\cy_ipc_drv.o
                                0x96b (size before relaxing)
 .debug_str     0x000048d4      0x26f .\CortexM0p\ARM_GCC_Generic\Debug\cy_ipc_sema.o
                                0xb58 (size before relaxing)
 .debug_str     0x00004b43      0x47a .\CortexM0p\ARM_GCC_Generic\Debug\cy_ipc_pipe.o
                               0x222f (size before relaxing)
 .debug_str     0x00004fbd      0xba3 .\CortexM0p\ARM_GCC_Generic\Debug\cy_sysclk.o
                               0x1e88 (size before relaxing)
 .debug_str     0x00005b60       0xbf .\CortexM0p\ARM_GCC_Generic\Debug\cy_wdt.o
                                0x708 (size before relaxing)
 .debug_str     0x00005c1f      0x7cf .\CortexM0p\ARM_GCC_Generic\Debug\cy_flash.o
                               0x1d2c (size before relaxing)
 .debug_str     0x000063ee     0x7300 .\CortexM0p\ARM_GCC_Generic\Debug\cy_gpio.o
                               0x7ba7 (size before relaxing)
 .debug_str     0x0000d6ee      0xff7 .\CortexM0p\ARM_GCC_Generic\Debug\cy_syspm.o
                               0x2b0c (size before relaxing)
 .debug_str     0x0000e6e5      0x23c .\CortexM0p\ARM_GCC_Generic\Debug\cy_syslib.o
                               0x1b21 (size before relaxing)
 .debug_str     0x0000e921      0x1e5 .\CortexM0p\ARM_GCC_Generic\Debug\cy_systick.o
                                0xa25 (size before relaxing)
 .debug_str     0x0000eb06      0xd96 .\CortexM0p\ARM_GCC_Generic\Debug\cy_prot.o
                               0x16e3 (size before relaxing)
 .debug_str     0x0000f89c       0x5d .\CortexM0p\ARM_GCC_Generic\Debug\cy_device.o
                                0x7d7 (size before relaxing)

.debug_frame    0x00000000     0x172c
 .debug_frame   0x00000000       0x2c .\CortexM0p\ARM_GCC_Generic\Debug\main_cm0p.o
 .debug_frame   0x0000002c       0xfc .\CortexM0p\ARM_GCC_Generic\Debug\system_psoc6_cm0plus.o
 .debug_frame   0x00000128       0x64 .\CortexM0p\ARM_GCC_Generic\Debug\cyfitter_cfg.o
 .debug_frame   0x0000018c       0xe4 .\CortexM0p\ARM_GCC_Generic\Debug\cy_sysint.o
 .debug_frame   0x00000270       0x70 .\CortexM0p\ARM_GCC_Generic\Debug\cy_ipc_drv.o
 .debug_frame   0x000002e0       0xbc .\CortexM0p\ARM_GCC_Generic\Debug\cy_ipc_sema.o
 .debug_frame   0x0000039c      0x150 .\CortexM0p\ARM_GCC_Generic\Debug\cy_ipc_pipe.o
 .debug_frame   0x000004ec      0x298 .\CortexM0p\ARM_GCC_Generic\Debug\cy_sysclk.o
 .debug_frame   0x00000784       0xc0 .\CortexM0p\ARM_GCC_Generic\Debug\cy_wdt.o
 .debug_frame   0x00000844      0x218 .\CortexM0p\ARM_GCC_Generic\Debug\cy_flash.o
 .debug_frame   0x00000a5c       0xec .\CortexM0p\ARM_GCC_Generic\Debug\cy_gpio.o
 .debug_frame   0x00000b48      0x3bc .\CortexM0p\ARM_GCC_Generic\Debug\cy_syspm.o
 .debug_frame   0x00000f04      0x138 .\CortexM0p\ARM_GCC_Generic\Debug\cy_syslib.o
 .debug_frame   0x0000103c       0xac .\CortexM0p\ARM_GCC_Generic\Debug\cy_systick.o
 .debug_frame   0x000010e8      0x5b8 .\CortexM0p\ARM_GCC_Generic\Debug\cy_prot.o
 .debug_frame   0x000016a0       0x20 .\CortexM0p\ARM_GCC_Generic\Debug\cy_device.o
 .debug_frame   0x000016c0       0x20 c:/program files (x86)/gnu tools arm embedded/5.4 2016q3/bin/../lib/gcc/arm-none-eabi/5.4.1/armv6-m\libgcc.a(_udivsi3.o)
 .debug_frame   0x000016e0       0x20 c:/program files (x86)/gnu tools arm embedded/5.4 2016q3/bin/../lib/gcc/arm-none-eabi/5.4.1/../../../../arm-none-eabi/lib/armv6-m\libg_nano.a(lib_a-memset.o)
 .debug_frame   0x00001700       0x2c c:/program files (x86)/gnu tools arm embedded/5.4 2016q3/bin/../lib/gcc/arm-none-eabi/5.4.1/../../../../arm-none-eabi/lib/armv6-m\libg_nano.a(lib_a-strncpy.o)

.debug_loc      0x00000000     0x7778
 .debug_loc     0x00000000      0x342 .\CortexM0p\ARM_GCC_Generic\Debug\system_psoc6_cm0plus.o
 .debug_loc     0x00000342      0x32d .\CortexM0p\ARM_GCC_Generic\Debug\cyfitter_cfg.o
 .debug_loc     0x0000066f      0x4bc .\CortexM0p\ARM_GCC_Generic\Debug\cy_sysint.o
 .debug_loc     0x00000b2b      0x303 .\CortexM0p\ARM_GCC_Generic\Debug\cy_ipc_drv.o
 .debug_loc     0x00000e2e      0x7fa .\CortexM0p\ARM_GCC_Generic\Debug\cy_ipc_sema.o
 .debug_loc     0x00001628      0x778 .\CortexM0p\ARM_GCC_Generic\Debug\cy_ipc_pipe.o
 .debug_loc     0x00001da0     0x18e7 .\CortexM0p\ARM_GCC_Generic\Debug\cy_sysclk.o
 .debug_loc     0x00003687       0x58 .\CortexM0p\ARM_GCC_Generic\Debug\cy_wdt.o
 .debug_loc     0x000036df      0xd3c .\CortexM0p\ARM_GCC_Generic\Debug\cy_flash.o
 .debug_loc     0x0000441b      0x815 .\CortexM0p\ARM_GCC_Generic\Debug\cy_gpio.o
 .debug_loc     0x00004c30      0xf1d .\CortexM0p\ARM_GCC_Generic\Debug\cy_syspm.o
 .debug_loc     0x00005b4d      0x239 .\CortexM0p\ARM_GCC_Generic\Debug\cy_syslib.o
 .debug_loc     0x00005d86      0x19a .\CortexM0p\ARM_GCC_Generic\Debug\cy_systick.o
 .debug_loc     0x00005f20     0x1858 .\CortexM0p\ARM_GCC_Generic\Debug\cy_prot.o
